Component: ARM Compiler 5.06 update 2 (build 183) Tool: armlink [4d35b7]

==============================================================================

Section Cross References

    startup_stm32f10x_md.o(STACK) refers (Special) to heapauxi.o(.text) for __use_two_region_memory
    startup_stm32f10x_md.o(HEAP) refers (Special) to heapauxi.o(.text) for __use_two_region_memory
    startup_stm32f10x_md.o(RESET) refers (Special) to heapauxi.o(.text) for __use_two_region_memory
    startup_stm32f10x_md.o(RESET) refers to startup_stm32f10x_md.o(STACK) for __initial_sp
    startup_stm32f10x_md.o(RESET) refers to startup_stm32f10x_md.o(.text) for Reset_Handler
    startup_stm32f10x_md.o(RESET) refers to stm32f10x_it.o(i.NMI_Handler) for NMI_Handler
    startup_stm32f10x_md.o(RESET) refers to stm32f10x_it.o(i.HardFault_Handler) for HardFault_Handler
    startup_stm32f10x_md.o(RESET) refers to stm32f10x_it.o(i.MemManage_Handler) for MemManage_Handler
    startup_stm32f10x_md.o(RESET) refers to stm32f10x_it.o(i.BusFault_Handler) for BusFault_Handler
    startup_stm32f10x_md.o(RESET) refers to stm32f10x_it.o(i.UsageFault_Handler) for UsageFault_Handler
    startup_stm32f10x_md.o(RESET) refers to stm32f10x_it.o(i.SVC_Handler) for SVC_Handler
    startup_stm32f10x_md.o(RESET) refers to stm32f10x_it.o(i.DebugMon_Handler) for DebugMon_Handler
    startup_stm32f10x_md.o(RESET) refers to stm32f10x_it.o(i.PendSV_Handler) for PendSV_Handler
    startup_stm32f10x_md.o(RESET) refers to stm32f10x_it.o(i.SysTick_Handler) for SysTick_Handler
    startup_stm32f10x_md.o(RESET) refers to usart2.o(i.USART2_IRQHandler) for USART2_IRQHandler
    startup_stm32f10x_md.o(.text) refers (Special) to heapauxi.o(.text) for __use_two_region_memory
    startup_stm32f10x_md.o(.text) refers to system_stm32f10x.o(i.SystemInit) for SystemInit
    startup_stm32f10x_md.o(.text) refers to __main.o(!!!main) for __main
    startup_stm32f10x_md.o(.text) refers to startup_stm32f10x_md.o(HEAP) for Heap_Mem
    startup_stm32f10x_md.o(.text) refers to startup_stm32f10x_md.o(STACK) for Stack_Mem
    stm32f10x_rcc.o(i.RCC_GetClocksFreq) refers to stm32f10x_rcc.o(.data) for APBAHBPrescTable
    stm32f10x_rcc.o(i.RCC_WaitForHSEStartUp) refers to stm32f10x_rcc.o(i.RCC_GetFlagStatus) for RCC_GetFlagStatus
    stm32f10x_gpio.o(i.GPIO_AFIODeInit) refers to stm32f10x_rcc.o(i.RCC_APB2PeriphResetCmd) for RCC_APB2PeriphResetCmd
    stm32f10x_gpio.o(i.GPIO_DeInit) refers to stm32f10x_rcc.o(i.RCC_APB2PeriphResetCmd) for RCC_APB2PeriphResetCmd
    stm32f10x_usart.o(i.USART_DeInit) refers to stm32f10x_rcc.o(i.RCC_APB2PeriphResetCmd) for RCC_APB2PeriphResetCmd
    stm32f10x_usart.o(i.USART_DeInit) refers to stm32f10x_rcc.o(i.RCC_APB1PeriphResetCmd) for RCC_APB1PeriphResetCmd
    stm32f10x_usart.o(i.USART_Init) refers to stm32f10x_rcc.o(i.RCC_GetClocksFreq) for RCC_GetClocksFreq
    led.o(i.led_init) refers to stm32f10x_rcc.o(i.RCC_APB2PeriphClockCmd) for RCC_APB2PeriphClockCmd
    led.o(i.led_init) refers to stm32f10x_gpio.o(i.GPIO_Init) for GPIO_Init
    led.o(i.led_ss) refers to led.o(i.led_init) for led_init
    led.o(i.led_ss) refers to led.o(i.led_on) for led_on
    led.o(i.led_ss) refers to led.o(i.led_off) for led_off
    buzzer.o(i.buzzer_init) refers to stm32f10x_rcc.o(i.RCC_APB2PeriphClockCmd) for RCC_APB2PeriphClockCmd
    buzzer.o(i.buzzer_init) refers to stm32f10x_gpio.o(i.GPIO_Init) for GPIO_Init
    delay.o(i.delay_init) refers to misc.o(i.SysTick_CLKSourceConfig) for SysTick_CLKSourceConfig
    delay.o(i.delay_init) refers to delay.o(.data) for fac_us
    delay.o(i.delay_ms) refers to delay.o(i.delay_xms) for delay_xms
    delay.o(i.delay_us) refers to delay.o(.data) for fac_us
    delay.o(i.delay_xms) refers to delay.o(.data) for fac_ms
    usart2.o(i.USART2_IRQHandler) refers to stm32f10x_usart.o(i.USART_GetITStatus) for USART_GetITStatus
    usart2.o(i.USART2_IRQHandler) refers to stm32f10x_usart.o(i.USART_ReceiveData) for USART_ReceiveData
    usart2.o(i.USART2_IRQHandler) refers to esp8266.o(i.dataHandler) for dataHandler
    usart2.o(i.USART2_IRQHandler) refers to stm32f10x_usart.o(i.USART_ClearITPendingBit) for USART_ClearITPendingBit
    usart2.o(i.set_usart_2_handler) refers to usart2.o(.data) for usart2_handler
    usart2.o(i.usart_2_init) refers to stm32f10x_rcc.o(i.RCC_APB2PeriphClockCmd) for RCC_APB2PeriphClockCmd
    usart2.o(i.usart_2_init) refers to stm32f10x_rcc.o(i.RCC_APB1PeriphClockCmd) for RCC_APB1PeriphClockCmd
    usart2.o(i.usart_2_init) refers to stm32f10x_gpio.o(i.GPIO_Init) for GPIO_Init
    usart2.o(i.usart_2_init) refers to stm32f10x_gpio.o(i.GPIO_PinRemapConfig) for GPIO_PinRemapConfig
    usart2.o(i.usart_2_init) refers to stm32f10x_usart.o(i.USART_Init) for USART_Init
    usart2.o(i.usart_2_init) refers to misc.o(i.NVIC_PriorityGroupConfig) for NVIC_PriorityGroupConfig
    usart2.o(i.usart_2_init) refers to misc.o(i.NVIC_Init) for NVIC_Init
[...]
    ../clib/angel/sysapp.c                   0x00000000   Number         0  sys_wrch.o ABSOLUTE
    ../clib/armsys.c                         0x00000000   Number         0  argv_veneer.o ABSOLUTE
    ../clib/armsys.c                         0x00000000   Number         0  argv_veneer.o ABSOLUTE
    ../clib/armsys.c                         0x00000000   Number         0  no_argv.o ABSOLUTE
    ../clib/armsys.c                         0x00000000   Number         0  _get_argv_nomalloc.o ABSOLUTE
    ../clib/bigflt.c                         0x00000000   Number         0  bigflt0.o ABSOLUTE
    ../clib/btod.s                           0x00000000   Number         0  btod.o ABSOLUTE
    ../clib/heapalloc.c                      0x00000000   Number         0  hrguard.o ABSOLUTE
    ../clib/heapaux.c                        0x00000000   Number         0  heapauxi.o ABSOLUTE
    ../clib/libinit.s                        0x00000000   Number         0  libinit.o ABSOLUTE
    ../clib/libinit.s                        0x00000000   Number         0  libshutdown.o ABSOLUTE
    ../clib/libinit.s                        0x00000000   Number         0  libinit2.o ABSOLUTE
    ../clib/libinit.s                        0x00000000   Number         0  libshutdown2.o ABSOLUTE
    ../clib/locale.s                         0x00000000   Number         0  lc_numeric_c.o ABSOLUTE
    ../clib/locale.s                         0x00000000   Number         0  lc_ctype_c.o ABSOLUTE
    ../clib/longlong.s                       0x00000000   Number         0  lludiv10.o ABSOLUTE
    ../clib/memcpset.s                       0x00000000   Number         0  strcmpv7m.o ABSOLUTE
    ../clib/memcpset.s                       0x00000000   Number         0  rt_memclr_w.o ABSOLUTE
    ../clib/misc.s                           0x00000000   Number         0  printf_stubs.o ABSOLUTE
    ../clib/printf.c                         0x00000000   Number         0  _printf_char.o ABSOLUTE
    ../clib/printf.c                         0x00000000   Number         0  __printf_nopercent.o ABSOLUTE
    ../clib/printf.c                         0x00000000   Number         0  __2sprintf.o ABSOLUTE
    ../clib/printf.c                         0x00000000   Number         0  noretval__2sprintf.o ABSOLUTE
    ../clib/printf.c                         0x00000000   Number         0  _sputc.o ABSOLUTE
    ../clib/printf.c                         0x00000000   Number         0  _printf_fp_infnan.o ABSOLUTE
    ../clib/printf.c                         0x00000000   Number         0  _printf_char_common.o ABSOLUTE
    ../clib/printf.c                         0x00000000   Number         0  _printf_fp_dec.o ABSOLUTE
    ../clib/printf.c                         0x00000000   Number         0  _printf_intcommon.o ABSOLUTE
    ../clib/printf.c                         0x00000000   Number         0  __printf_flags_ss_wp.o ABSOLUTE
    ../clib/printf.c                         0x00000000   Number         0  __printf_ss_wp.o ABSOLUTE
    ../clib/printf.c                         0x00000000   Number         0  __printf_flags_wp.o ABSOLUTE
    ../clib/printf.c                         0x00000000   Number         0  __printf_wp.o ABSOLUTE
    ../clib/printf.c                         0x00000000   Number         0  __printf_flags_ss.o ABSOLUTE
    ../clib/printf.c                         0x00000000   Number         0  __printf_ss.o ABSOLUTE
    ../clib/printf.c                         0x00000000   Number         0  __printf_flags.o ABSOLUTE
    ../clib/printf.c                         0x00000000   Number         0  _printf_dec.o ABSOLUTE
    ../clib/printf.c                         0x00000000   Number         0  _printf_str.o ABSOLUTE
    ../clib/printf.c                         0x00000000   Number         0  __printf.o ABSOLUTE
    ../clib/printf_percent.s                 0x00000000   Number         0  _printf_s.o ABSOLUTE
    ../clib/printf_percent.s                 0x00000000   Number         0  _printf_d.o ABSOLUTE
    ../clib/printf_percent.s                 0x00000000   Number         0  _printf_percent.o ABSOLUTE
    ../clib/printf_percent.s                 0x00000000   Number         0  _printf_f.o ABSOLUTE
    ../clib/printf_percent.s                 0x00000000   Number         0  _printf_percent_end.o ABSOLUTE
    ../clib/scanf.c                          0x00000000   Number         0  atoi.o ABSOLUTE
    ../clib/scanf.c                          0x00000000   Number         0  _strtoul.o ABSOLUTE
    ../clib/scanf.c                          0x00000000   Number         0  _chval.o ABSOLUTE
    ../clib/scanf.c                          0x00000000   Number         0  strtol.o ABSOLUTE
    ../clib/signal.c                         0x00000000   Number         0  defsig_general.o ABSOLUTE
    ../clib/signal.c                         0x00000000   Number         0  __raise.o ABSOLUTE
    ../clib/signal.c                         0x00000000   Number         0  defsig_other.o ABSOLUTE
    ../clib/signal.c                         0x00000000   Number         0  defsig_segv_inner.o ABSOLUTE
    ../clib/signal.c                         0x00000000   Number         0  defsig_abrt_inner.o ABSOLUTE
    ../clib/signal.c                         0x00000000   Number         0  defsig_rtmem_outer.o ABSOLUTE
    ../clib/signal.c                         0x00000000   Number         0  defsig_cppl_inner.o ABSOLUTE
    ../clib/signal.c                         0x00000000   Number         0  defsig_pvfn_inner.o ABSOLUTE
    ../clib/signal.c                         0x00000000   Number         0  defsig_stak_inner.o ABSOLUTE
    ../clib/signal.c                         0x00000000   Number         0  defsig_rtmem_inner.o ABSOLUTE
    ../clib/signal.c                         0x00000000   Number         0  defsig_rtmem_formal.o ABSOLUTE
    ../clib/signal.c                         0x00000000   Number         0  defsig_exit.o ABSOLUTE
    ../clib/signal.c                         0x00000000   Number         0  defsig_fpe_inner.o ABSOLUTE
    ../clib/signal.c                         0x00000000   Number         0  defsig_rtred_inner.o ABSOLUTE
    ../clib/signal.s                         0x00000000   Number         0  defsig.o ABSOLUTE
    ../clib/stdlib.c                         0x00000000   Number         0  exit.o ABSOLUTE
    ../clib/string.c                         0x00000000   Number         0  strstr.o ABSOLUTE
    ../fplib/dflt.s                          0x00000000   Number         0  dflt_clz.o ABSOLUTE
    ../fplib/fpinit.s                        0x00000000   Number         0  fpinit.o ABSOLUTE
    ../fplib/istatus.s                       0x00000000   Number         0  istatus.o ABSOLUTE
    ../fplib/printf1.s                       0x00000000   Number         0  printf1.o ABSOLUTE
    ../fplib/usenofp.s                       0x00000000   Number         0  usenofp.o ABSOLUTE
    ../mathlib/fpclassify.c                  0x00000000   Number         0  fpclassify.o ABSOLUTE
    ..\\cmsis\\core_cm3.c                    0x00000000   Number         0  core_cm3.o ABSOLUTE
    ..\cmsis\core_cm3.c                      0x00000000   Number         0  core_cm3.o ABSOLUTE
    ..\cmsis\startup_stm32f10x_md.s          0x00000000   Number         0  startup_stm32f10x_md.o ABSOLUTE
    ..\fwlib\src\misc.c                      0x00000000   Number         0  misc.o ABSOLUTE
    ..\fwlib\src\stm32f10x_exti.c            0x00000000   Number         0  stm32f10x_exti.o ABSOLUTE
    ..\fwlib\src\stm32f10x_gpio.c            0x00000000   Number         0  stm32f10x_gpio.o ABSOLUTE
    ..\fwlib\src\stm32f10x_iwdg.c            0x00000000   Number         0  stm32f10x_iwdg.o ABSOLUTE
    ..\fwlib\src\stm32f10x_rcc.c             0x00000000   Number         0  stm32f10x_rcc.o ABSOLUTE
    ..\fwlib\src\stm32f10x_usart.c           0x00000000   Number         0  stm32f10x_usart.o ABSOLUTE
    ..\mylib\base64.c                        0x00000000   Number         0  base64.o ABSOLUTE
    ..\mylib\buzzer.c                        0x00000000   Number         0  buzzer.o ABSOLUTE
    ..\mylib\delay.c                         0x00000000   Number         0  delay.o ABSOLUTE
    ..\mylib\dht.c                           0x00000000   Number         0  dht.o ABSOLUTE
    ..\mylib\esp8266.c                       0x00000000   Number         0  esp8266.o ABSOLUTE
    ..\mylib\gpio_iic.c                      0x00000000   Number         0  gpio_iic.o ABSOLUTE
    ..\mylib\iot.c                           0x00000000   Number         0  iot.o ABSOLUTE
    ..\mylib\key.c                           0x00000000   Number         0  key.o ABSOLUTE
    ..\mylib\led.c                           0x00000000   Number         0  led.o ABSOLUTE
    ..\mylib\oled.c                          0x00000000   Number         0  oled.o ABSOLUTE
    ..\mylib\usart2.c                        0x00000000   Number         0  usart2.o ABSOLUTE
    ..\user\main.c                           0x00000000   Number         0  main.o ABSOLUTE
    ..\user\stm32f10x_it.c                   0x00000000   Number         0  stm32f10x_it.o ABSOLUTE
    ..\user\system_stm32f10x.c               0x00000000   Number         0  system_stm32f10x.o ABSOLUTE
    dc.s                                     0x00000000   Number         0  dc.o ABSOLUTE
    RESET                                    0x08000000   Section      236  startup_stm32f10x_md.o(RESET)
    !!!main                                  0x080000ec   Section        8  __main.o(!!!main)
    !!!scatter                               0x080000f4   Section       52  __scatter.o(!!!scatter)
    !!dczerorl2                              0x08000128   Section       90  __dczerorl2.o(!!dczerorl2)
    !!handler_zi                             0x08000184   Section       28  __scatter_zi.o(!!handler_zi)
    .ARM.Collect$$_printf_percent$$00000000  0x080001a0   Section        0  _printf_percent.o(.ARM.Collect$$_printf_percent$$00000000)
    .ARM.Collect$$_printf_percent$$00000003  0x080001a0   Section        6  _printf_f.o(.ARM.Collect$$_printf_percent$$00000003)
    .ARM.Collect$$_printf_percent$$00000009  0x080001a6   Section        6  _printf_d.o(.ARM.Collect$$_printf_percent$$00000009)
    .ARM.Collect$$_printf_percent$$00000014  0x080001ac   Section        6  _printf_s.o(.ARM.Collect$$_printf_percent$$00000014)
    .ARM.Collect$$_printf_percent$$00000017  0x080001b2   Section        4  _printf_percent_end.o(.ARM.Collect$$_printf_percent$$00000017)
    .ARM.Collect$$libinit$$00000000          0x080001b6   Section        2  libinit.o(.ARM.Collect$$libinit$$00000000)
    .ARM.Collect$$libinit$$00000002          0x080001b8   Section        0  libinit2.o(.ARM.Collect$$libinit$$00000002)
    .ARM.Collect$$libinit$$00000004          0x080001b8   Section        0  libinit2.o(.ARM.Collect$$libinit$$00000004)
    .ARM.Collect$$libinit$$0000000A          0x080001b8   Section        0  libinit2.o(.ARM.Collect$$libinit$$0000000A)
    .ARM.Collect$$libinit$$0000000C          0x080001b8   Section        0  libinit2.o(.ARM.Collect$$libinit$$0000000C)
    .ARM.Collect$$libinit$$0000000E          0x080001b8   Section        0  libinit2.o(.ARM.Collect$$libinit$$0000000E)
    .ARM.Collect$$libinit$$0000000F          0x080001b8   Section        6  libinit2.o(.ARM.Collect$$libinit$$0000000F)
    .ARM.Collect$$libinit$$00000011          0x080001be   Section        0  libinit2.o(.ARM.Collect$$libinit$$00000011)
    .ARM.Collect$$libinit$$00000012          0x080001be   Section       12  libinit2.o(.ARM.Collect$$libinit$$00000012)
    .ARM.Collect$$libinit$$00000013          0x080001ca   Section        0  libinit2.o(.ARM.Collect$$libinit$$00000013)
    .ARM.Collect$$libinit$$00000015          0x080001ca   Section        0  libinit2.o(.ARM.Collect$$libinit$$00000015)
    .ARM.Collect$$libinit$$00000016          0x080001ca   Section       10  libinit2.o(.ARM.Collect$$libinit$$00000016)
    .ARM.Collect$$libinit$$00000017          0x080001d4   Section        0  libinit2.o(.ARM.Collect$$libinit$$00000017)
    .ARM.Collect$$libinit$$00000019          0x080001d4   Section        0  libinit2.o(.ARM.Collect$$libinit$$00000019)
    .ARM.Collect$$libinit$$0000001B          0x080001d4   Section        0  libinit2.o(.ARM.Collect$$libinit$$0000001B)
    .ARM.Collect$$libinit$$0000001D          0x080001d4   Section        0  libinit2.o(.ARM.Collect$$libinit$$0000001D)
    .ARM.Collect$$libinit$$0000001F          0x080001d4   Section        0  libinit2.o(.ARM.Collect$$libinit$$0000001F)
    .ARM.Collect$$libinit$$00000021          0x080001d4   Section        0  libinit2.o(.ARM.Collect$$libinit$$00000021)
    .ARM.Collect$$libinit$$00000023          0x080001d4   Section        0  libinit2.o(.ARM.Collect$$libinit$$00000023)
    .ARM.Collect$$libinit$$00000025          0x080001d4   Section        0  libinit2.o(.ARM.Collect$$libinit$$00000025)
    .ARM.Collect$$libinit$$0000002C          0x080001d4   Section        0  libinit2.o(.ARM.Collect$$libinit$$0000002C)
    .ARM.Collect$$libinit$$0000002E          0x080001d4   Section        0  libinit2.o(.ARM.Collect$$libinit$$0000002E)
    .ARM.Collect$$libinit$$00000030          0x080001d4   Section        0  libinit2.o(.ARM.Collect$$libinit$$00000030)
    .ARM.Collect$$libinit$$00000032          0x080001d4   Section        0  libinit2.o(.ARM.Collect$$libinit$$00000032)
    .ARM.Collect$$libinit$$00000033          0x080001d4   Section        2  libinit2.o(.ARM.Collect$$libinit$$00000033)
    .ARM.Collect$$libshutdown$$00000000      0x080001d6   Section        2  libshutdown.o(.ARM.Collect$$libshutdown$$00000000)
    .ARM.Collect$$libshutdown$$00000002      0x080001d8   Section        0  libshutdown2.o(.ARM.Collect$$libshutdown$$00000002)
    .ARM.Collect$$libshutdown$$00000004      0x080001d8   Section        0  libshutdown2.o(.ARM.Collect$$libshutdown$$00000004)
    .ARM.Collect$$libshutdown$$00000007      0x080001d8   Section        0  libshutdown2.o(.ARM.Collect$$libshutdown$$00000007)
    .ARM.Collect$$libshutdown$$0000000A      0x080001d8   Section        0  libshutdown2.o(.ARM.Collect$$libshutdown$$0000000A)
    .ARM.Collect$$libshutdown$$0000000C      0x080001d8   Section        0  libshutdown2.o(.ARM.Collect$$libshutdown$$0000000C)
    .ARM.Collect$$libshutdown$$0000000F      0x080001d8   Section        0  libshutdown2.o(.ARM.Collect$$libshutdown$$0000000F)
    .ARM.Collect$$libshutdown$$00000010      0x080001d8   Section        2  libshutdown2.o(.ARM.Collect$$libshutdown$$00000010)
    .ARM.Collect$$rtentry$$00000000          0x080001da   Section        0  __rtentry.o(.ARM.Collect$$rtentry$$00000000)
    .ARM.Collect$$rtentry$$00000002          0x080001da   Section        0  __rtentry2.o(.ARM.Collect$$rtentry$$00000002)
    .ARM.Collect$$rtentry$$00000004          0x080001da   Section        6  __rtentry4.o(.ARM.Collect$$rtentry$$00000004)
    .ARM.Collect$$rtentry$$00000009          0x080001e0   Section        0  __rtentry2.o(.ARM.Collect$$rtentry$$00000009)
    .ARM.Collect$$rtentry$$0000000A          0x080001e0   Section        4  __rtentry2.o(.ARM.Collect$$rtentry$$0000000A)
    .ARM.Collect$$rtentry$$0000000C          0x080001e4   Section        0  __rtentry2.o(.ARM.Collect$$rtentry$$0000000C)
    .ARM.Collect$$rtentry$$0000000D          0x080001e4   Section        8  __rtentry2.o(.ARM.Collect$$rtentry$$0000000D)
    .ARM.Collect$$rtexit$$00000000           0x080001ec   Section        2  rtexit.o(.ARM.Collect$$rtexit$$00000000)
    .ARM.Collect$$rtexit$$00000002           0x080001ee   Section        0  rtexit2.o(.ARM.Collect$$rtexit$$00000002)
    .ARM.Collect$$rtexit$$00000003           0x080001ee   Section        4  rtexit2.o(.ARM.Collect$$rtexit$$00000003)
    .ARM.Collect$$rtexit$$00000004           0x080001f2   Section        6  rtexit2.o(.ARM.Collect$$rtexit$$00000004)
    .text                                    0x080001f8   Section       64  startup_stm32f10x_md.o(.text)
    .text                                    0x08000238   Section        0  __2sprintf.o(.text)
    .text                                    0x08000264   Section        0  __printf.o(.text)
    .text                                    0x080002cc   Section        0  _printf_str.o(.text)
    .text                                    0x08000320   Section        0  _printf_dec.o(.text)
    .text                                    0x08000398   Section        0  atoi.o(.text)
    .text                                    0x080003b2   Section        0  strstr.o(.text)
    .text                                    0x080003d6   Section       78  rt_memclr_w.o(.text)
    .text                                    0x08000424   Section        0  heapauxi.o(.text)
    .text                                    0x0800042c   Section        8  rt_errno_addr_intlibspace.o(.text)
    .text                                    0x08000434   Section        0  _printf_intcommon.o(.text)
    .text                                    0x080004e6   Section        0  _printf_fp_dec.o(.text)
    _fp_digits                               0x080004e9   Thumb Code   428  _printf_fp_dec.o(.text)
    .text                                    0x08000900   Section        0  _printf_char_common.o(.text)
    _printf_input_char                       0x08000901   Thumb Code    10  _printf_char_common.o(.text)
    .text                                    0x08000930   Section        0  _sputc.o(.text)
    .text                                    0x0800093a   Section        0  _printf_char.o(.text)
    .text                                    0x08000966   Section        0  strtol.o(.text)
    .text                                    0x080009d8   Section        8  libspace.o(.text)
    .text                                    0x080009e0   Section       16  rt_ctype_table.o(.text)
    .text                                    0x080009f0   Section        8  rt_locale_intlibspace.o(.text)
    .text                                    0x080009f8   Section      138  lludiv10.o(.text)
    .text                                    0x08000a84   Section        0  _printf_fp_infnan.o(.text)
    .text                                    0x08000b04   Section        0  _strtoul.o(.text)
    .text                                    0x08000ba4   Section        0  bigflt0.o(.text)
    .text                                    0x08000c80   Section       74  sys_stackheap_outer.o(.text)
    .text                                    0x08000cca   Section        0  _chval.o(.text)
    .text                                    0x08000ce6   Section        0  exit.o(.text)
    .text                                    0x08000cf8   Section      128  strcmpv7m.o(.text)
    .text                                    0x08000d78   Section        0  sys_exit.o(.text)
    .text                                    0x08000d84   Section        2  use_no_semi.o(.text)
    .text                                    0x08000d86   Section        0  indicate_semi.o(.text)
    CL$$btod_d2e                             0x08000d86   Section       62  btod.o(CL$$btod_d2e)
    CL$$btod_d2e_denorm_low                  0x08000dc4   Section       70  btod.o(CL$$btod_d2e_denorm_low)
    CL$$btod_d2e_norm_op1                    0x08000e0a   Section       96  btod.o(CL$$btod_d2e_norm_op1)
    CL$$btod_div_common                      0x08000e6a   Section      824  btod.o(CL$$btod_div_common)
    CL$$btod_e2e                             0x080011a2   Section      198  btod.o(CL$$btod_e2e)
    CL$$btod_ediv                            0x08001268   Section       40  btod.o(CL$$btod_ediv)
    CL$$btod_emul                            0x08001290   Section       40  btod.o(CL$$btod_emul)
    CL$$btod_mult_common                     0x080012b8   Section      580  btod.o(CL$$btod_mult_common)
    i.BusFault_Handler                       0x080014fc   Section        0  stm32f10x_it.o(i.BusFault_Handler)
    i.DebugMon_Handler                       0x08001500   Section        0  stm32f10x_it.o(i.DebugMon_Handler)
    i.GPIO_Init                              0x08001502   Section        0  stm32f10x_gpio.o(i.GPIO_Init)
    i.GPIO_PinRemapConfig                    0x08001618   Section        0  stm32f10x_gpio.o(i.GPIO_PinRemapConfig)
    i.GPIO_ReadInputDataBit                  0x080016a8   Section        0  stm32f10x_gpio.o(i.GPIO_ReadInputDataBit)
    i.HardFault_Handler                      0x080016ba   Section        0  stm32f10x_it.o(i.HardFault_Handler)
    i.IIC_Init                               0x080016c0   Section        0  gpio_iic.o(i.IIC_Init)
    i.IIC_Sda_In                             0x0800172c   Section        0  gpio_iic.o(i.IIC_Sda_In)
    i.IIC_Sda_Out                            0x08001740   Section        0  gpio_iic.o(i.IIC_Sda_Out)
    i.IIC_Send_Byte                          0x08001754   Section        0  gpio_iic.o(i.IIC_Send_Byte)
    i.IIC_Start                              0x080017a4   Section        0  gpio_iic.o(i.IIC_Start)
    i.IIC_Stop                               0x080017dc   Section        0  gpio_iic.o(i.IIC_Stop)
    i.IIC_Wait_Ack                           0x08001818   Section        0  gpio_iic.o(i.IIC_Wait_Ack)
    i.MemManage_Handler                      0x08001864   Section        0  stm32f10x_it.o(i.MemManage_Handler)
    i.NMI_Handler                            0x08001868   Section        0  stm32f10x_it.o(i.NMI_Handler)
    i.NVIC_Init                              0x0800186c   Section        0  misc.o(i.NVIC_Init)
    i.NVIC_PriorityGroupConfig               0x080018dc   Section        0  misc.o(i.NVIC_PriorityGroupConfig)
    i.OLED_Clear                             0x080018f0   Section        0  oled.o(i.OLED_Clear)
    i.OLED_Init                              0x08001930   Section        0  oled.o(i.OLED_Init)
    i.OLED_Set_Pos                           0x08001a18   Section        0  oled.o(i.OLED_Set_Pos)
    i.OLED_ShowChar                          0x08001a44   Section        0  oled.o(i.OLED_ShowChar)
    i.OLED_ShowHUm                           0x08001ae8   Section        0  oled.o(i.OLED_ShowHUm)
    i.OLED_ShowNum                           0x08001b50   Section        0  oled.o(i.OLED_ShowNum)
    i.OLED_ShowTEmp                          0x08001bd8   Section        0  oled.o(i.OLED_ShowTEmp)
    i.OLED_ShowTIttle                        0x08001c40   Section        0  oled.o(i.OLED_ShowTIttle)
    i.OLED_ShowTIttle1                       0x08001c98   Section        0  oled.o(i.OLED_ShowTIttle1)
    i.OLED_WR_Byte                           0x08001cf0   Section        0  oled.o(i.OLED_WR_Byte)
    i.PendSV_Handler                         0x08001d08   Section        0  stm32f10x_it.o(i.PendSV_Handler)
    i.RCC_APB1PeriphClockCmd                 0x08001d0c   Section        0  stm32f10x_rcc.o(i.RCC_APB1PeriphClockCmd)
    i.RCC_APB2PeriphClockCmd                 0x08001d2c   Section        0  stm32f10x_rcc.o(i.RCC_APB2PeriphClockCmd)
    i.RCC_GetClocksFreq                      0x08001d4c   Section        0  stm32f10x_rcc.o(i.RCC_GetClocksFreq)
    i.SVC_Handler                            0x08001e20   Section        0  stm32f10x_it.o(i.SVC_Handler)
    i.SetSysClock                            0x08001e22   Section        0  system_stm32f10x.o(i.SetSysClock)
    SetSysClock                              0x08001e23   Thumb Code     8  system_stm32f10x.o(i.SetSysClock)
    i.SetSysClockTo72                        0x08001e2c   Section        0  system_stm32f10x.o(i.SetSysClockTo72)
    SetSysClockTo72                          0x08001e2d   Thumb Code   214  system_stm32f10x.o(i.SetSysClockTo72)
    i.SysTick_CLKSourceConfig                0x08001f0c   Section        0  misc.o(i.SysTick_CLKSourceConfig)
    i.SysTick_Handler                        0x08001f34   Section        0  stm32f10x_it.o(i.SysTick_Handler)
    i.SystemInit                             0x08001f38   Section        0  system_stm32f10x.o(i.SystemInit)
    i.USART2_IRQHandler                      0x08001f98   Section        0  usart2.o(i.USART2_IRQHandler)
    i.USART_ClearFlag                        0x08001fc8   Section        0  stm32f10x_usart.o(i.USART_ClearFlag)
    i.USART_ClearITPendingBit                0x08001fda   Section        0  stm32f10x_usart.o(i.USART_ClearITPendingBit)
    i.USART_Cmd                              0x08001ff8   Section        0  stm32f10x_usart.o(i.USART_Cmd)
    i.USART_GetFlagStatus                    0x08002010   Section        0  stm32f10x_usart.o(i.USART_GetFlagStatus)
    i.USART_GetITStatus                      0x0800202a   Section        0  stm32f10x_usart.o(i.USART_GetITStatus)
    i.USART_ITConfig                         0x0800207e   Section        0  stm32f10x_usart.o(i.USART_ITConfig)
    i.USART_Init                             0x080020c8   Section        0  stm32f10x_usart.o(i.USART_Init)
    i.USART_ReceiveData                      0x080021a0   Section        0  stm32f10x_usart.o(i.USART_ReceiveData)
    i.USART_SendData                         0x080021aa   Section        0  stm32f10x_usart.o(i.USART_SendData)
    i.UsageFault_Handler                     0x080021b2   Section        0  stm32f10x_it.o(i.UsageFault_Handler)
    i.Write_IIC_Command                      0x080021b6   Section        0  oled.o(i.Write_IIC_Command)
    i.Write_IIC_Data                         0x080021e2   Section        0  oled.o(i.Write_IIC_Data)
    i.__ARM_fpclassify                       0x0800220e   Section        0  fpclassify.o(i.__ARM_fpclassify)
    i.base64_encode                          0x08002238   Section        0  base64.o(i.base64_encode)
    i.buzzer_init                            0x08002304   Section        0  buzzer.o(i.buzzer_init)
    i.buzzer_off                             0x08002338   Section        0  buzzer.o(i.buzzer_off)
    i.buzzer_on                              0x08002344   Section        0  buzzer.o(i.buzzer_on)
    i.dataHandler                            0x08002350   Section        0  esp8266.o(i.dataHandler)
    i.delay_init                             0x080024b0   Section        0  delay.o(i.delay_init)
    i.delay_ms                               0x080024e4   Section        0  delay.o(i.delay_ms)
    i.delay_us                               0x0800251c   Section        0  delay.o(i.delay_us)
    i.delay_xms                              0x08002568   Section        0  delay.o(i.delay_xms)
    i.dht_init                               0x080025b4   Section        0  dht.o(i.dht_init)
    i.dht_input_status                       0x080025c0   Section        0  dht.o(i.dht_input_status)
    i.dht_output_status                      0x080025d0   Section        0  dht.o(i.dht_output_status)
    i.download_sensor_status                 0x080025f0   Section        0  iot.o(i.download_sensor_status)
    i.esp8266_connect                        0x08002678   Section        0  esp8266.o(i.esp8266_connect)
    i.esp8266_disconnect                     0x080026f0   Section        0  esp8266.o(i.esp8266_disconnect)
    i.esp8266_init                           0x0800270c   Section        0  esp8266.o(i.esp8266_init)
    i.esp8266_link_wifi                      0x08002714   Section        0  esp8266.o(i.esp8266_link_wifi)
    i.esp8266_send                           0x080027cc   Section        0  esp8266.o(i.esp8266_send)
    i.get_dht_value                          0x08002834   Section        0  dht.o(i.get_dht_value)
    i.key_init                               0x080028ec   Section        0  key.o(i.key_init)
    i.key_stat                               0x08002914   Section        0  key.o(i.key_stat)
    i.led_init                               0x08002948   Section        0  led.o(i.led_init)
    i.led_off                                0x0800298c   Section        0  led.o(i.led_off)
    i.led_on                                 0x080029bc   Section        0  led.o(i.led_on)
    i.main                                   0x080029ec   Section        0  main.o(i.main)
    i.mystrlen                               0x08002a48   Section        0  base64.o(i.mystrlen)
    i.oled_pow                               0x08002a5c   Section        0  oled.o(i.oled_pow)
    i.picture_1                              0x08002a74   Section        0  oled.o(i.picture_1)
    i.recv_handler                           0x08002ac0   Section        0  main.o(i.recv_handler)
    i.set_gpio_input                         0x08002b24   Section        0  dht.o(i.set_gpio_input)
    i.set_gpio_output                        0x08002b40   Section        0  dht.o(i.set_gpio_output)
    i.set_wifi_recv_handler                  0x08002b64   Section        0  esp8266.o(i.set_wifi_recv_handler)
    i.upload_device_datas                    0x08002b70   Section        0  iot.o(i.upload_device_datas)
    i.usart_2_init                           0x08002cb0   Section        0  usart2.o(i.usart_2_init)
    i.usart_2_send_byte                      0x08002d68   Section        0  usart2.o(i.usart_2_send_byte)
    i.usart_2_send_data                      0x08002d90   Section        0  usart2.o(i.usart_2_send_data)
    i.wifi_led_buzzer                        0x08002da8   Section        0  main.o(i.wifi_led_buzzer)
    i.wifi_upload_dht_data                   0x08002e84   Section        0  main.o(i.wifi_upload_dht_data)
    locale$$code                             0x08002f78   Section       44  lc_numeric_c.o(locale$$code)
    locale$$code                             0x08002fa4   Section       44  lc_ctype_c.o(locale$$code)
    x$fpl$dfltu                              0x08002fd0   Section       38  dflt_clz.o(x$fpl$dfltu)
    x$fpl$printf1                            0x08002ff6   Section        4  printf1.o(x$fpl$printf1)
    .constdata                               0x08002ffa   Section     2072  oled.o(.constdata)
    x$fpl$usenofp                            0x08002ffa   Section        0  usenofp.o(x$fpl$usenofp)
    .constdata                               0x08003814   Section        8  main.o(.constdata)
    .constdata                               0x0800381c   Section      148  bigflt0.o(.constdata)
    tenpwrs_x                                0x0800381c   Data          60  bigflt0.o(.constdata)
    tenpwrs_i                                0x08003858   Data          64  bigflt0.o(.constdata)
    .conststring                             0x080038b0   Section       65  base64.o(.conststring)
    .conststring                             0x080038f4   Section      354  iot.o(.conststring)
    .conststring                             0x08003a58   Section      128  main.o(.conststring)
    locale$$data                             0x08003af8   Section       28  lc_numeric_c.o(locale$$data)
    __lcnum_c_name                           0x08003afc   Data           2  lc_numeric_c.o(locale$$data)
    __lcnum_c_start                          0x08003b04   Data           0  lc_numeric_c.o(locale$$data)
    __lcnum_c_point                          0x08003b10   Data           0  lc_numeric_c.o(locale$$data)
    __lcnum_c_thousands                      0x08003b12   Data           0  lc_numeric_c.o(locale$$data)
    __lcnum_c_grouping                       0x08003b13   Data           0  lc_numeric_c.o(locale$$data)
    locale$$data                             0x08003b14   Section      272  lc_ctype_c.o(locale$$data)
    __lcnum_c_end                            0x08003b14   Data           0  lc_numeric_c.o(locale$$data)
    __lcctype_c_name                         0x08003b18   Data           2  lc_ctype_c.o(locale$$data)
    __lcctype_c_start                        0x08003b20   Data           0  lc_ctype_c.o(locale$$data)
    __lcctype_c_end                          0x08003c24   Data           0  lc_ctype_c.o(locale$$data)
    .data                                    0x20000000   Section       20  stm32f10x_rcc.o(.data)
    APBAHBPrescTable                         0x20000000   Data          16  stm32f10x_rcc.o(.data)
    ADCPrescTable                            0x20000010   Data           4  stm32f10x_rcc.o(.data)
    .data                                    0x20000014   Section        4  delay.o(.data)
    fac_us                                   0x20000014   Data           1  delay.o(.data)
    fac_ms                                   0x20000016   Data           2  delay.o(.data)
    .data                                    0x20000018   Section       32  esp8266.o(.data)
    flag                                     0x20000018   Data           4  esp8266.o(.data)
    ok_flag                                  0x2000001c   Data           4  esp8266.o(.data)
    len                                      0x20000020   Data           4  esp8266.o(.data)
    data_flag                                0x20000024   Data           4  esp8266.o(.data)
    len_buf                                  0x2000002c   Data           5  esp8266.o(.data)
    i                                        0x20000034   Data           4  esp8266.o(.data)
    .data                                    0x20000038   Section        4  base64.o(.data)
    .data                                    0x2000003c   Section        4  iot.o(.data)
    .data                                    0x20000040   Section       12  gpio_iic.o(.data)
    .data                                    0x2000004c   Section        4  key.o(.data)
    key_status                               0x2000004c   Data           4  key.o(.data)
    .data                                    0x20000050   Section     2032  oled.o(.data)
    .bss                                     0x20000840   Section      512  esp8266.o(.bss)
    data_buf                                 0x20000840   Data         512  esp8266.o(.bss)
    .bss                                     0x20000a40   Section       96  libspace.o(.bss)
    HEAP                                     0x20000aa0   Section      512  startup_stm32f10x_md.o(HEAP)
    Heap_Mem                                 0x20000aa0   Data         512  startup_stm32f10x_md.o(HEAP)
    STACK                                    0x20000ca0   Section     1024  startup_stm32f10x_md.o(STACK)
    Stack_Mem                                0x20000ca0   Data        1024  startup_stm32f10x_md.o(STACK)
    __initial_sp                             0x200010a0   Data           0  startup_stm32f10x_md.o(STACK)

    Global Symbols

    Symbol Name                              Value     Ov Type        Size  Object(Section)

    BuildAttributes$$THM_ISAv4$P$D$K$B$S$PE$A:L22UL41UL21$X:L11$S22US41US21$IEEE1$IW$USESV6$~STKCKD$USESV7$~SHL$OTIME$ROPI$IEEEJ$EBA8$UX$STANDARDLIB$REQ8$PRES8$EABIv2 0x00000000   Number         0  anon$$obj.o ABSOLUTE
    __ARM_use_no_argv                        0x00000000   Number         0  main.o ABSOLUTE
    _printf_flags                            0x00000000   Number         0  printf_stubs.o ABSOLUTE
    _printf_return_value                     0x00000000   Number         0  printf_stubs.o ABSOLUTE
    _printf_sizespec                         0x00000000   Number         0  printf_stubs.o ABSOLUTE
    _printf_widthprec                        0x00000000   Number         0  printf_stubs.o ABSOLUTE
    __ARM_exceptions_init                     - Undefined Weak Reference
    __alloca_initialize                       - Undefined Weak Reference
    __arm_preinit_                            - Undefined Weak Reference
    __cpp_initialize__aeabi_                  - Undefined Weak Reference
    __cxa_finalize                            - Undefined Weak Reference
    __sigvec_lookup                           - Undefined Weak Reference
    _atexit_init                              - Undefined Weak Reference
    _call_atexit_fns                          - Undefined Weak Reference
    _clock_init                               - Undefined Weak Reference
    _fp_trap_init                             - Undefined Weak Reference
    _fp_trap_shutdown                         - Undefined Weak Reference
    _get_lc_collate                           - Undefined Weak Reference
    _get_lc_monetary                          - Undefined Weak Reference
    _get_lc_time                              - Undefined Weak Reference
    _getenv_init                              - Undefined Weak Reference
    _handle_redirection                       - Undefined Weak Reference
    _init_alloc                               - Undefined Weak Reference
    _init_user_alloc                          - Undefined Weak Reference
    _initio                                   - Undefined Weak Reference
    _printf_mbtowc                            - Undefined Weak Reference
    _printf_post_padding                      - Undefined Weak Reference
    _printf_pre_padding                       - Undefined Weak Reference
    _printf_truncate_signed                   - Undefined Weak Reference
    _printf_truncate_unsigned                 - Undefined Weak Reference
    _rand_init                                - Undefined Weak Reference
    _signal_finish                            - Undefined Weak Reference
    _signal_init                              - Undefined Weak Reference
    _terminate_alloc                          - Undefined Weak Reference
    _terminate_user_alloc                     - Undefined Weak Reference
    _terminateio                              - Undefined Weak Reference
    __Vectors_Size                           0x000000ec   Number         0  startup_stm32f10x_md.o ABSOLUTE
    __Vectors                                0x08000000   Data           4  startup_stm32f10x_md.o(RESET)
    __Vectors_End                            0x080000ec   Data           0  startup_stm32f10x_md.o(RESET)
    __main                                   0x080000ed   Thumb Code     8  __main.o(!!!main)
    __scatterload                            0x080000f5   Thumb Code     0  __scatter.o(!!!scatter)
    __scatterload_rt2                        0x080000f5   Thumb Code    44  __scatter.o(!!!scatter)
    __scatterload_rt2_thumb_only             0x080000f5   Thumb Code     0  __scatter.o(!!!scatter)
    __scatterload_null                       0x08000103   Thumb Code     0  __scatter.o(!!!scatter)
    __decompress                             0x08000129   Thumb Code    90  __dczerorl2.o(!!dczerorl2)
    __decompress1                            0x08000129   Thumb Code     0  __dczerorl2.o(!!dczerorl2)
    __scatterload_zeroinit                   0x08000185   Thumb Code    28  __scatter_zi.o(!!handler_zi)
    _printf_f                                0x080001a1   Thumb Code     0  _printf_f.o(.ARM.Collect$$_printf_percent$$00000003)
    _printf_percent                          0x080001a1   Thumb Code     0  _printf_percent.o(.ARM.Collect$$_printf_percent$$00000000)
    _printf_d                                0x080001a7   Thumb Code     0  _printf_d.o(.ARM.Collect$$_printf_percent$$00000009)
    _printf_s                                0x080001ad   Thumb Code     0  _printf_s.o(.ARM.Collect$$_printf_percent$$00000014)
    _printf_percent_end                      0x080001b3   Thumb Code     0  _printf_percent_end.o(.ARM.Collect$$_printf_percent$$00000017)
    __rt_lib_init                            0x080001b7   Thumb Code     0  libinit.o(.ARM.Collect$$libinit$$00000000)
    __rt_lib_init_fp_1                       0x080001b9   Thumb Code     0  libinit2.o(.ARM.Collect$$libinit$$00000002)
    __rt_lib_init_heap_1                     0x080001b9   Thumb Code     0  libinit2.o(.ARM.Collect$$libinit$$0000000A)
    __rt_lib_init_lc_common                  0x080001b9   Thumb Code     0  libinit2.o(.ARM.Collect$$libinit$$0000000F)
    __rt_lib_init_preinit_1                  0x080001b9   Thumb Code     0  libinit2.o(.ARM.Collect$$libinit$$00000004)
    __rt_lib_init_rand_1                     0x080001b9   Thumb Code     0  libinit2.o(.ARM.Collect$$libinit$$0000000E)
    __rt_lib_init_user_alloc_1               0x080001b9   Thumb Code     0  libinit2.o(.ARM.Collect$$libinit$$0000000C)
    __rt_lib_init_lc_collate_1               0x080001bf   Thumb Code     0  libinit2.o(.ARM.Collect$$libinit$$00000011)
    __rt_lib_init_lc_ctype_2                 0x080001bf   Thumb Code     0  libinit2.o(.ARM.Collect$$libinit$$00000012)
    __rt_lib_init_lc_ctype_1                 0x080001cb   Thumb Code     0  libinit2.o(.ARM.Collect$$libinit$$00000013)
    __rt_lib_init_lc_monetary_1              0x080001cb   Thumb Code     0  libinit2.o(.ARM.Collect$$libinit$$00000015)
    __rt_lib_init_lc_numeric_2               0x080001cb   Thumb Code     0  libinit2.o(.ARM.Collect$$libinit$$00000016)
    __rt_lib_init_alloca_1                   0x080001d5   Thumb Code     0  libinit2.o(.ARM.Collect$$libinit$$0000002E)
    __rt_lib_init_argv_1                     0x080001d5   Thumb Code     0  libinit2.o(.ARM.Collect$$libinit$$0000002C)
    __rt_lib_init_atexit_1                   0x080001d5   Thumb Code     0  libinit2.o(.ARM.Collect$$libinit$$0000001B)
    __rt_lib_init_clock_1                    0x080001d5   Thumb Code     0  libinit2.o(.ARM.Collect$$libinit$$00000021)
    __rt_lib_init_cpp_1                      0x080001d5   Thumb Code     0  libinit2.o(.ARM.Collect$$libinit$$00000032)
    __rt_lib_init_exceptions_1               0x080001d5   Thumb Code     0  libinit2.o(.ARM.Collect$$libinit$$00000030)
    __rt_lib_init_fp_trap_1                  0x080001d5   Thumb Code     0  libinit2.o(.ARM.Collect$$libinit$$0000001F)
    __rt_lib_init_getenv_1                   0x080001d5   Thumb Code     0  libinit2.o(.ARM.Collect$$libinit$$00000023)
    __rt_lib_init_lc_numeric_1               0x080001d5   Thumb Code     0  libinit2.o(.ARM.Collect$$libinit$$00000017)
    __rt_lib_init_lc_time_1                  0x080001d5   Thumb Code     0  libinit2.o(.ARM.Collect$$libinit$$00000019)
    __rt_lib_init_return                     0x080001d5   Thumb Code     0  libinit2.o(.ARM.Collect$$libinit$$00000033)
    __rt_lib_init_signal_1                   0x080001d5   Thumb Code     0  libinit2.o(.ARM.Collect$$libinit$$0000001D)
    __rt_lib_init_stdio_1                    0x080001d5   Thumb Code     0  libinit2.o(.ARM.Collect$$libinit$$00000025)
    __rt_lib_shutdown                        0x080001d7   Thumb Code     0  libshutdown.o(.ARM.Collect$$libshutdown$$00000000)
    __rt_lib_shutdown_cpp_1                  0x080001d9   Thumb Code     0  libshutdown2.o(.ARM.Collect$$libshutdown$$00000002)
    __rt_lib_shutdown_fp_trap_1              0x080001d9   Thumb Code     0  libshutdown2.o(.ARM.Collect$$libshutdown$$00000007)
    __rt_lib_shutdown_heap_1                 0x080001d9   Thumb Code     0  libshutdown2.o(.ARM.Collect$$libshutdown$$0000000F)
    __rt_lib_shutdown_return                 0x080001d9   Thumb Code     0  libshutdown2.o(.ARM.Collect$$libshutdown$$00000010)
    __rt_lib_shutdown_signal_1               0x080001d9   Thumb Code     0  libshutdown2.o(.ARM.Collect$$libshutdown$$0000000A)
    __rt_lib_shutdown_stdio_1                0x080001d9   Thumb Code     0  libshutdown2.o(.ARM.Collect$$libshutdown$$00000004)
    __rt_lib_shutdown_user_alloc_1           0x080001d9   Thumb Code     0  libshutdown2.o(.ARM.Collect$$libshutdown$$0000000C)
    __rt_entry                               0x080001db   Thumb Code     0  __rtentry.o(.ARM.Collect$$rtentry$$00000000)
    __rt_entry_presh_1                       0x080001db   Thumb Code     0  __rtentry2.o(.ARM.Collect$$rtentry$$00000002)
    __rt_entry_sh                            0x080001db   Thumb Code     0  __rtentry4.o(.ARM.Collect$$rtentry$$00000004)
    __rt_entry_li                            0x080001e1   Thumb Code     0  __rtentry2.o(.ARM.Collect$$rtentry$$0000000A)
    __rt_entry_postsh_1                      0x080001e1   Thumb Code     0  __rtentry2.o(.ARM.Collect$$rtentry$$00000009)
    __rt_entry_main                          0x080001e5   Thumb Code     0  __rtentry2.o(.ARM.Collect$$rtentry$$0000000D)
    __rt_entry_postli_1                      0x080001e5   Thumb Code     0  __rtentry2.o(.ARM.Collect$$rtentry$$0000000C)
    __rt_exit                                0x080001ed   Thumb Code     0  rtexit.o(.ARM.Collect$$rtexit$$00000000)
    __rt_exit_ls                             0x080001ef   Thumb Code     0  rtexit2.o(.ARM.Collect$$rtexit$$00000003)
    __rt_exit_prels_1                        0x080001ef   Thumb Code     0  rtexit2.o(.ARM.Collect$$rtexit$$00000002)
    __rt_exit_exit                           0x080001f3   Thumb Code     0  rtexit2.o(.ARM.Collect$$rtexit$$00000004)
    Reset_Handler                            0x080001f9   Thumb Code     8  startup_stm32f10x_md.o(.text)
    ADC1_2_IRQHandler                        0x08000213   Thumb Code     0  startup_stm32f10x_md.o(.text)
    CAN1_RX1_IRQHandler                      0x08000213   Thumb Code     0  startup_stm32f10x_md.o(.text)
    CAN1_SCE_IRQHandler                      0x08000213   Thumb Code     0  startup_stm32f10x_md.o(.text)
    DMA1_Channel1_IRQHandler                 0x08000213   Thumb Code     0  startup_stm32f10x_md.o(.text)
    DMA1_Channel2_IRQHandler                 0x08000213   Thumb Code     0  startup_stm32f10x_md.o(.text)
    DMA1_Channel3_IRQHandler                 0x08000213   Thumb Code     0  startup_stm32f10x_md.o(.text)
    DMA1_Channel4_IRQHandler                 0x08000213   Thumb Code     0  startup_stm32f10x_md.o(.text)
    DMA1_Channel5_IRQHandler                 0x08000213   Thumb Code     0  startup_stm32f10x_md.o(.text)
    DMA1_Channel6_IRQHandler                 0x08000213   Thumb Code     0  startup_stm32f10x_md.o(.text)
    DMA1_Channel7_IRQHandler                 0x08000213   Thumb Code     0  startup_stm32f10x_md.o(.text)
    EXTI0_IRQHandler                         0x08000213   Thumb Code     0  startup_stm32f10x_md.o(.text)
    EXTI15_10_IRQHandler                     0x08000213   Thumb Code     0  startup_stm32f10x_md.o(.text)
    EXTI1_IRQHandler                         0x08000213   Thumb Code     0  startup_stm32f10x_md.o(.text)
    EXTI2_IRQHandler                         0x08000213   Thumb Code     0  startup_stm32f10x_md.o(.text)
    EXTI3_IRQHandler                         0x08000213   Thumb Code     0  startup_stm32f10x_md.o(.text)
    EXTI4_IRQHandler                         0x08000213   Thumb Code     0  startup_stm32f10x_md.o(.text)
    EXTI9_5_IRQHandler                       0x08000213   Thumb Code     0  startup_stm32f10x_md.o(.text)
    FLASH_IRQHandler                         0x08000213   Thumb Code     0  startup_stm32f10x_md.o(.text)
    I2C1_ER_IRQHandler                       0x08000213   Thumb Code     0  startup_stm32f10x_md.o(.text)
    I2C1_EV_IRQHandler                       0x08000213   Thumb Code     0  startup_stm32f10x_md.o(.text)
    I2C2_ER_IRQHandler                       0x08000213   Thumb Code     0  startup_stm32f10x_md.o(.text)
    I2C2_EV_IRQHandler                       0x08000213   Thumb Code     0  startup_stm32f10x_md.o(.text)
    PVD_IRQHandler                           0x08000213   Thumb Code     0  startup_stm32f10x_md.o(.text)
    RCC_IRQHandler                           0x08000213   Thumb Code     0  startup_stm32f10x_md.o(.text)
    RTCAlarm_IRQHandler                      0x08000213   Thumb Code     0  startup_stm32f10x_md.o(.text)
    RTC_IRQHandler                           0x08000213   Thumb Code     0  startup_stm32f10x_md.o(.text)
    SPI1_IRQHandler                          0x08000213   Thumb Code     0  startup_stm32f10x_md.o(.text)
    SPI2_IRQHandler                          0x08000213   Thumb Code     0  startup_stm32f10x_md.o(.text)
    TAMPER_IRQHandler                        0x08000213   Thumb Code     0  startup_stm32f10x_md.o(.text)
    TIM1_BRK_IRQHandler                      0x08000213   Thumb Code     0  startup_stm32f10x_md.o(.text)
    TIM1_CC_IRQHandler                       0x08000213   Thumb Code     0  startup_stm32f10x_md.o(.text)
    TIM1_TRG_COM_IRQHandler                  0x08000213   Thumb Code     0  startup_stm32f10x_md.o(.text)
    TIM1_UP_IRQHandler                       0x08000213   Thumb Code     0  startup_stm32f10x_md.o(.text)
    TIM2_IRQHandler                          0x08000213   Thumb Code     0  startup_stm32f10x_md.o(.text)
    TIM3_IRQHandler                          0x08000213   Thumb Code     0  startup_stm32f10x_md.o(.text)
    TIM4_IRQHandler                          0x08000213   Thumb Code     0  startup_stm32f10x_md.o(.text)
    USART1_IRQHandler                        0x08000213   Thumb Code     0  startup_stm32f10x_md.o(.text)
    USART3_IRQHandler                        0x08000213   Thumb Code     0  startup_stm32f10x_md.o(.text)
    USBWakeUp_IRQHandler                     0x08000213   Thumb Code     0  startup_stm32f10x_md.o(.text)
    USB_HP_CAN1_TX_IRQHandler                0x08000213   Thumb Code     0  startup_stm32f10x_md.o(.text)
    USB_LP_CAN1_RX0_IRQHandler               0x08000213   Thumb Code     0  startup_stm32f10x_md.o(.text)
    WWDG_IRQHandler                          0x08000213   Thumb Code     0  startup_stm32f10x_md.o(.text)
    __user_initial_stackheap                 0x08000215   Thumb Code     0  startup_stm32f10x_md.o(.text)
    __2sprintf                               0x08000239   Thumb Code    38  __2sprintf.o(.text)
    __printf                                 0x08000265   Thumb Code   104  __printf.o(.text)
    _printf_str                              0x080002cd   Thumb Code    82  _printf_str.o(.text)
    _printf_int_dec                          0x08000321   Thumb Code   104  _printf_dec.o(.text)
    atoi                                     0x08000399   Thumb Code    26  atoi.o(.text)
    strstr                                   0x080003b3   Thumb Code    36  strstr.o(.text)
    __aeabi_memclr4                          0x080003d7   Thumb Code     0  rt_memclr_w.o(.text)
    __aeabi_memclr8                          0x080003d7   Thumb Code     0  rt_memclr_w.o(.text)
    __rt_memclr_w                            0x080003d7   Thumb Code    78  rt_memclr_w.o(.text)
    _memset_w                                0x080003db   Thumb Code     0  rt_memclr_w.o(.text)
    __use_two_region_memory                  0x08000425   Thumb Code     2  heapauxi.o(.text)
    __rt_heap_escrow$2region                 0x08000427   Thumb Code     2  heapauxi.o(.text)
    __rt_heap_expand$2region                 0x08000429   Thumb Code     2  heapauxi.o(.text)
    __aeabi_errno_addr                       0x0800042d   Thumb Code     8  rt_errno_addr_intlibspace.o(.text)
    __errno$intlibspace                      0x0800042d   Thumb Code     0  rt_errno_addr_intlibspace.o(.text)
    __rt_errno_addr$intlibspace              0x0800042d   Thumb Code     0  rt_errno_addr_intlibspace.o(.text)
    _printf_int_common                       0x08000435   Thumb Code   178  _printf_intcommon.o(.text)
    __lib_sel_fp_printf                      0x080004e7   Thumb Code     2  _printf_fp_dec.o(.text)
    _printf_fp_dec_real                      0x08000695   Thumb Code   620  _printf_fp_dec.o(.text)
    _printf_char_common                      0x0800090b   Thumb Code    32  _printf_char_common.o(.text)
    _sputc                                   0x08000931   Thumb Code    10  _sputc.o(.text)
    _printf_cs_common                        0x0800093b   Thumb Code    20  _printf_char.o(.text)
    _printf_char                             0x0800094f   Thumb Code    16  _printf_char.o(.text)
    _printf_string                           0x0800095f   Thumb Code     8  _printf_char.o(.text)
    strtol                                   0x08000967   Thumb Code   112  strtol.o(.text)
    __user_libspace                          0x080009d9   Thumb Code     8  libspace.o(.text)
    __user_perproc_libspace                  0x080009d9   Thumb Code     0  libspace.o(.text)
    __user_perthread_libspace                0x080009d9   Thumb Code     0  libspace.o(.text)
    __rt_ctype_table                         0x080009e1   Thumb Code    16  rt_ctype_table.o(.text)
    __rt_locale                              0x080009f1   Thumb Code     8  rt_locale_intlibspace.o(.text)
    _ll_udiv10                               0x080009f9   Thumb Code   138  lludiv10.o(.text)
    _printf_fp_infnan                        0x08000a85   Thumb Code   112  _printf_fp_infnan.o(.text)
    _strtoul                                 0x08000b05   Thumb Code   158  _strtoul.o(.text)
    _btod_etento                             0x08000ba5   Thumb Code   216  bigflt0.o(.text)
    __user_setup_stackheap                   0x08000c81   Thumb Code    74  sys_stackheap_outer.o(.text)
    _chval                                   0x08000ccb   Thumb Code    28  _chval.o(.text)
    exit                                     0x08000ce7   Thumb Code    18  exit.o(.text)
    strcmp                                   0x08000cf9   Thumb Code   128  strcmpv7m.o(.text)
    _sys_exit                                0x08000d79   Thumb Code     8  sys_exit.o(.text)
    __I$use$semihosting                      0x08000d85   Thumb Code     0  use_no_semi.o(.text)
    __use_no_semihosting_swi                 0x08000d85   Thumb Code     2  use_no_semi.o(.text)
    __semihosting_library_function           0x08000d87   Thumb Code     0  indicate_semi.o(.text)
    _btod_d2e                                0x08000d87   Thumb Code    62  btod.o(CL$$btod_d2e)
    _d2e_denorm_low                          0x08000dc5   Thumb Code    70  btod.o(CL$$btod_d2e_denorm_low)
    _d2e_norm_op1                            0x08000e0b   Thumb Code    96  btod.o(CL$$btod_d2e_norm_op1)
    __btod_div_common                        0x08000e6b   Thumb Code   696  btod.o(CL$$btod_div_common)
    _e2e                                     0x080011a3   Thumb Code   198  btod.o(CL$$btod_e2e)
    _btod_ediv                               0x08001269   Thumb Code    40  btod.o(CL$$btod_ediv)
    _btod_emul                               0x08001291   Thumb Code    40  btod.o(CL$$btod_emul)
    __btod_mult_common                       0x080012b9   Thumb Code   580  btod.o(CL$$btod_mult_common)
    BusFault_Handler                         0x080014fd   Thumb Code     4  stm32f10x_it.o(i.BusFault_Handler)
    DebugMon_Handler                         0x08001501   Thumb Code     2  stm32f10x_it.o(i.DebugMon_Handler)
    GPIO_Init                                0x08001503   Thumb Code   278  stm32f10x_gpio.o(i.GPIO_Init)
    GPIO_PinRemapConfig                      0x08001619   Thumb Code   138  stm32f10x_gpio.o(i.GPIO_PinRemapConfig)
    GPIO_ReadInputDataBit                    0x080016a9   Thumb Code    18  stm32f10x_gpio.o(i.GPIO_ReadInputDataBit)
    HardFault_Handler                        0x080016bb   Thumb Code     4  stm32f10x_it.o(i.HardFault_Handler)
    IIC_Init                                 0x080016c1   Thumb Code    82  gpio_iic.o(i.IIC_Init)
    IIC_Sda_In                               0x0800172d   Thumb Code    12  gpio_iic.o(i.IIC_Sda_In)
    IIC_Sda_Out                              0x08001741   Thumb Code    12  gpio_iic.o(i.IIC_Sda_Out)
    IIC_Send_Byte                            0x08001755   Thumb Code    70  gpio_iic.o(i.IIC_Send_Byte)
    IIC_Start                                0x080017a5   Thumb Code    46  gpio_iic.o(i.IIC_Start)
    IIC_Stop                                 0x080017dd   Thumb Code    50  gpio_iic.o(i.IIC_Stop)
    IIC_Wait_Ack                             0x08001819   Thumb Code    68  gpio_iic.o(i.IIC_Wait_Ack)
    MemManage_Handler                        0x08001865   Thumb Code     4  stm32f10x_it.o(i.MemManage_Handler)
    NMI_Handler                              0x08001869   Thumb Code     2  stm32f10x_it.o(i.NMI_Handler)
    NVIC_Init                                0x0800186d   Thumb Code   100  misc.o(i.NVIC_Init)
    NVIC_PriorityGroupConfig                 0x080018dd   Thumb Code    10  misc.o(i.NVIC_PriorityGroupConfig)
    OLED_Clear                               0x080018f1   Thumb Code    64  oled.o(i.OLED_Clear)
    OLED_Init                                0x08001931   Thumb Code   232  oled.o(i.OLED_Init)
    OLED_Set_Pos                             0x08001a19   Thumb Code    42  oled.o(i.OLED_Set_Pos)
    OLED_ShowChar                            0x08001a45   Thumb Code   154  oled.o(i.OLED_ShowChar)
    OLED_ShowHUm                             0x08001ae9   Thumb Code    98  oled.o(i.OLED_ShowHUm)
    OLED_ShowNum                             0x08001b51   Thumb Code   136  oled.o(i.OLED_ShowNum)
    OLED_ShowTEmp                            0x08001bd9   Thumb Code    98  oled.o(i.OLED_ShowTEmp)
    OLED_ShowTIttle                          0x08001c41   Thumb Code    84  oled.o(i.OLED_ShowTIttle)
    OLED_ShowTIttle1                         0x08001c99   Thumb Code    84  oled.o(i.OLED_ShowTIttle1)
    OLED_WR_Byte                             0x08001cf1   Thumb Code    24  oled.o(i.OLED_WR_Byte)
    PendSV_Handler                           0x08001d09   Thumb Code     2  stm32f10x_it.o(i.PendSV_Handler)
    RCC_APB1PeriphClockCmd                   0x08001d0d   Thumb Code    26  stm32f10x_rcc.o(i.RCC_APB1PeriphClockCmd)
    RCC_APB2PeriphClockCmd                   0x08001d2d   Thumb Code    26  stm32f10x_rcc.o(i.RCC_APB2PeriphClockCmd)
    RCC_GetClocksFreq                        0x08001d4d   Thumb Code   192  stm32f10x_rcc.o(i.RCC_GetClocksFreq)
    SVC_Handler                              0x08001e21   Thumb Code     2  stm32f10x_it.o(i.SVC_Handler)
    SysTick_CLKSourceConfig                  0x08001f0d   Thumb Code    40  misc.o(i.SysTick_CLKSourceConfig)
    SysTick_Handler                          0x08001f35   Thumb Code     2  stm32f10x_it.o(i.SysTick_Handler)
    SystemInit                               0x08001f39   Thumb Code    78  system_stm32f10x.o(i.SystemInit)
    USART2_IRQHandler                        0x08001f99   Thumb Code    42  usart2.o(i.USART2_IRQHandler)
    USART_ClearFlag                          0x08001fc9   Thumb Code    18  stm32f10x_usart.o(i.USART_ClearFlag)
    USART_ClearITPendingBit                  0x08001fdb   Thumb Code    30  stm32f10x_usart.o(i.USART_ClearITPendingBit)
    USART_Cmd                                0x08001ff9   Thumb Code    24  stm32f10x_usart.o(i.USART_Cmd)
    USART_GetFlagStatus                      0x08002011   Thumb Code    26  stm32f10x_usart.o(i.USART_GetFlagStatus)
    USART_GetITStatus                        0x0800202b   Thumb Code    84  stm32f10x_usart.o(i.USART_GetITStatus)
    USART_ITConfig                           0x0800207f   Thumb Code    74  stm32f10x_usart.o(i.USART_ITConfig)
    USART_Init                               0x080020c9   Thumb Code   210  stm32f10x_usart.o(i.USART_Init)
    USART_ReceiveData                        0x080021a1   Thumb Code    10  stm32f10x_usart.o(i.USART_ReceiveData)
    USART_SendData                           0x080021ab   Thumb Code     8  stm32f10x_usart.o(i.USART_SendData)
    UsageFault_Handler                       0x080021b3   Thumb Code     4  stm32f10x_it.o(i.UsageFault_Handler)
    Write_IIC_Command                        0x080021b7   Thumb Code    44  oled.o(i.Write_IIC_Command)
    Write_IIC_Data                           0x080021e3   Thumb Code    44  oled.o(i.Write_IIC_Data)
    __ARM_fpclassify                         0x0800220f   Thumb Code    40  fpclassify.o(i.__ARM_fpclassify)
    base64_encode                            0x08002239   Thumb Code   198  base64.o(i.base64_encode)
    buzzer_init                              0x08002305   Thumb Code    44  buzzer.o(i.buzzer_init)
    buzzer_off                               0x08002339   Thumb Code     8  buzzer.o(i.buzzer_off)
    buzzer_on                                0x08002345   Thumb Code     8  buzzer.o(i.buzzer_on)
    dataHandler                              0x08002351   Thumb Code   320  esp8266.o(i.dataHandler)
    delay_init                               0x080024b1   Thumb Code    42  delay.o(i.delay_init)
    delay_ms                                 0x080024e5   Thumb Code    56  delay.o(i.delay_ms)
    delay_us                                 0x0800251d   Thumb Code    72  delay.o(i.delay_us)
    delay_xms                                0x08002569   Thumb Code    72  delay.o(i.delay_xms)
    dht_init                                 0x080025b5   Thumb Code    12  dht.o(i.dht_init)
    dht_input_status                         0x080025c1   Thumb Code    12  dht.o(i.dht_input_status)
    dht_output_status                        0x080025d1   Thumb Code    28  dht.o(i.dht_output_status)
    download_sensor_status                   0x080025f1   Thumb Code   122  iot.o(i.download_sensor_status)
    esp8266_connect                          0x08002679   Thumb Code    92  esp8266.o(i.esp8266_connect)
    esp8266_disconnect                       0x080026f1   Thumb Code    12  esp8266.o(i.esp8266_disconnect)
    esp8266_init                             0x0800270d   Thumb Code     8  esp8266.o(i.esp8266_init)
    esp8266_link_wifi                        0x08002715   Thumb Code   122  esp8266.o(i.esp8266_link_wifi)
    esp8266_send                             0x080027cd   Thumb Code    82  esp8266.o(i.esp8266_send)
    get_dht_value                            0x08002835   Thumb Code   182  dht.o(i.get_dht_value)
    key_init                                 0x080028ed   Thumb Code    34  key.o(i.key_init)
    key_stat                                 0x08002915   Thumb Code    44  key.o(i.key_stat)
    led_init                                 0x08002949   Thumb Code    56  led.o(i.led_init)
    led_off                                  0x0800298d   Thumb Code    44  led.o(i.led_off)
    led_on                                   0x080029bd   Thumb Code    44  led.o(i.led_on)
    main                                     0x080029ed   Thumb Code    92  main.o(i.main)
    mystrlen                                 0x08002a49   Thumb Code    20  base64.o(i.mystrlen)
    oled_pow                                 0x08002a5d   Thumb Code    22  oled.o(i.oled_pow)
    picture_1                                0x08002a75   Thumb Code    72  oled.o(i.picture_1)
    recv_handler                             0x08002ac1   Thumb Code    86  main.o(i.recv_handler)
    set_gpio_input                           0x08002b25   Thumb Code    24  dht.o(i.set_gpio_input)
    set_gpio_output                          0x08002b41   Thumb Code    30  dht.o(i.set_gpio_output)
    set_wifi_recv_handler                    0x08002b65   Thumb Code     6  esp8266.o(i.set_wifi_recv_handler)
    upload_device_datas                      0x08002b71   Thumb Code   248  iot.o(i.upload_device_datas)
    usart_2_init                             0x08002cb1   Thumb Code   174  usart2.o(i.usart_2_init)
    usart_2_send_byte                        0x08002d69   Thumb Code    36  usart2.o(i.usart_2_send_byte)
    usart_2_send_data                        0x08002d91   Thumb Code    22  usart2.o(i.usart_2_send_data)
    wifi_led_buzzer                          0x08002da9   Thumb Code   130  main.o(i.wifi_led_buzzer)
    wifi_upload_dht_data                     0x08002e85   Thumb Code   192  main.o(i.wifi_upload_dht_data)
    _get_lc_numeric                          0x08002f79   Thumb Code    44  lc_numeric_c.o(locale$$code)
    _get_lc_ctype                            0x08002fa5   Thumb Code    44  lc_ctype_c.o(locale$$code)
    __aeabi_ui2d                             0x08002fd1   Thumb Code     0  dflt_clz.o(x$fpl$dfltu)
    _dfltu                                   0x08002fd1   Thumb Code    38  dflt_clz.o(x$fpl$dfltu)
    _printf_fp_dec                           0x08002ff7   Thumb Code     4  printf1.o(x$fpl$printf1)
    F6x8                                     0x08002ffa   Data         552  oled.o(.constdata)
    __I$use$fp                               0x08002ffa   Number         0  usenofp.o(x$fpl$usenofp)
    F8X16                                    0x08003222   Data        1520  oled.o(.constdata)
    Region$$Table$$Base                      0x08003ad8   Number         0  anon$$obj.o(Region$$Table)
    Region$$Table$$Limit                     0x08003af8   Number         0  anon$$obj.o(Region$$Table)
    __ctype                                  0x08003b21   Data           0  lc_ctype_c.o(locale$$data)
    wifi_handler                             0x20000028   Data           4  esp8266.o(.data)
    base64char                               0x20000038   Data           4  base64.o(.data)
    g_control                                0x2000003c   Data           4  iot.o(.data)
    GPIO_InitForSCL                          0x20000040   Data           4  gpio_iic.o(.data)
    GPIO_InitForSDAOut                       0x20000044   Data           4  gpio_iic.o(.data)
    GPIO_InitForSDAIn                        0x20000048   Data           4  gpio_iic.o(.data)
    Picture1                                 0x20000050   Data        1024  oled.o(.data)
    Picture2                                 0x20000450   Data         368  oled.o(.data)
    chan                                     0x200005c0   Data         256  oled.o(.data)
    chan1                                    0x200006c0   Data         192  oled.o(.data)
    Temp                                     0x20000780   Data          64  oled.o(.data)
    Hum                                      0x200007c0   Data          64  oled.o(.data)
    T                                        0x20000800   Data          32  oled.o(.data)
    S                                        0x20000820   Data          32  oled.o(.data)
    __libspace_start                         0x20000a40   Data          96  libspace.o(.bss)
    __temporary_stack_top$libspace           0x20000aa0   Data           0  libspace.o(.bss)



==============================================================================

Memory Map of the image

  Image Entry point : 0x080001f9

  Load Region LR_1 (Base: 0x08000000, Size: 0x00004464, Max: 0xffffffff, ABSOLUTE, COMPRESSED[0x00003f7c])

    Execution Region ER_RO (Base: 0x08000000, Size: 0x00003c24, Max: 0xffffffff, ABSOLUTE)

    Base Addr    Size         Type   Attr      Idx    E Section Name        Object

    0x08000000   0x000000ec   Data   RO           19    RESET               startup_stm32f10x_md.o
    0x080000ec   0x00000008   Code   RO         1544  * !!!main             c_w.l(__main.o)
    0x080000f4   0x00000034   Code   RO         1784    !!!scatter          c_w.l(__scatter.o)
    0x08000128   0x0000005a   Code   RO         1782    !!dczerorl2         c_w.l(__dczerorl2.o)
    0x08000182   0x00000002   PAD
    0x08000184   0x0000001c   Code   RO         1786    !!handler_zi        c_w.l(__scatter_zi.o)
    0x080001a0   0x00000000   Code   RO         1535    .ARM.Collect$$_printf_percent$$00000000  c_w.l(_printf_percent.o)
    0x080001a0   0x00000006   Code   RO         1534    .ARM.Collect$$_printf_percent$$00000003  c_w.l(_printf_f.o)
    0x080001a6   0x00000006   Code   RO         1533    .ARM.Collect$$_printf_percent$$00000009  c_w.l(_printf_d.o)
    0x080001ac   0x00000006   Code   RO         1532    .ARM.Collect$$_printf_percent$$00000014  c_w.l(_printf_s.o)
    0x080001b2   0x00000004   Code   RO         1570    .ARM.Collect$$_printf_percent$$00000017  c_w.l(_printf_percent_end.o)
    0x080001b6   0x00000002   Code   RO         1655    .ARM.Collect$$libinit$$00000000  c_w.l(libinit.o)
    0x080001b8   0x00000000   Code   RO         1657    .ARM.Collect$$libinit$$00000002  c_w.l(libinit2.o)
    0x080001b8   0x00000000   Code   RO         1659    .ARM.Collect$$libinit$$00000004  c_w.l(libinit2.o)
    0x080001b8   0x00000000   Code   RO         1662    .ARM.Collect$$libinit$$0000000A  c_w.l(libinit2.o)
    0x080001b8   0x00000000   Code   RO         1664    .ARM.Collect$$libinit$$0000000C  c_w.l(libinit2.o)
    0x080001b8   0x00000000   Code   RO         1666    .ARM.Collect$$libinit$$0000000E  c_w.l(libinit2.o)
    0x080001b8   0x00000006   Code   RO         1667    .ARM.Collect$$libinit$$0000000F  c_w.l(libinit2.o)
    0x080001be   0x00000000   Code   RO         1669    .ARM.Collect$$libinit$$00000011  c_w.l(libinit2.o)
    0x080001be   0x0000000c   Code   RO         1670    .ARM.Collect$$libinit$$00000012  c_w.l(libinit2.o)
    0x080001ca   0x00000000   Code   RO         1671    .ARM.Collect$$libinit$$00000013  c_w.l(libinit2.o)
    0x080001ca   0x00000000   Code   RO         1673    .ARM.Collect$$libinit$$00000015  c_w.l(libinit2.o)
    0x080001ca   0x0000000a   Code   RO         1674    .ARM.Collect$$libinit$$00000016  c_w.l(libinit2.o)
    0x080001d4   0x00000000   Code   RO         1675    .ARM.Collect$$libinit$$00000017  c_w.l(libinit2.o)
    0x080001d4   0x00000000   Code   RO         1677    .ARM.Collect$$libinit$$00000019  c_w.l(libinit2.o)
    0x080001d4   0x00000000   Code   RO         1679    .ARM.Collect$$libinit$$0000001B  c_w.l(libinit2.o)
    0x080001d4   0x00000000   Code   RO         1681    .ARM.Collect$$libinit$$0000001D  c_w.l(libinit2.o)
    0x080001d4   0x00000000   Code   RO         1683    .ARM.Collect$$libinit$$0000001F  c_w.l(libinit2.o)
    0x080001d4   0x00000000   Code   RO         1685    .ARM.Collect$$libinit$$00000021  c_w.l(libinit2.o)
    0x080001d4   0x00000000   Code   RO         1687    .ARM.Collect$$libinit$$00000023  c_w.l(libinit2.o)
    0x080001d4   0x00000000   Code   RO         1689    .ARM.Collect$$libinit$$00000025  c_w.l(libinit2.o)
    0x080001d4   0x00000000   Code   RO         1693    .ARM.Collect$$libinit$$0000002C  c_w.l(libinit2.o)
    0x080001d4   0x00000000   Code   RO         1695    .ARM.Collect$$libinit$$0000002E  c_w.l(libinit2.o)
    0x080001d4   0x00000000   Code   RO         1697    .ARM.Collect$$libinit$$00000030  c_w.l(libinit2.o)
    0x080001d4   0x00000000   Code   RO         1699    .ARM.Collect$$libinit$$00000032  c_w.l(libinit2.o)
    0x080001d4   0x00000002   Code   RO         1700    .ARM.Collect$$libinit$$00000033  c_w.l(libinit2.o)
    0x080001d6   0x00000002   Code   RO         1730    .ARM.Collect$$libshutdown$$00000000  c_w.l(libshutdown.o)
    0x080001d8   0x00000000   Code   RO         1741    .ARM.Collect$$libshutdown$$00000002  c_w.l(libshutdown2.o)
    0x080001d8   0x00000000   Code   RO         1743    .ARM.Collect$$libshutdown$$00000004  c_w.l(libshutdown2.o)
    0x080001d8   0x00000000   Code   RO         1746    .ARM.Collect$$libshutdown$$00000007  c_w.l(libshutdown2.o)
    0x080001d8   0x00000000   Code   RO         1749    .ARM.Collect$$libshutdown$$0000000A  c_w.l(libshutdown2.o)
    0x080001d8   0x00000000   Code   RO         1751    .ARM.Collect$$libshutdown$$0000000C  c_w.l(libshutdown2.o)
    0x080001d8   0x00000000   Code   RO         1754    .ARM.Collect$$libshutdown$$0000000F  c_w.l(libshutdown2.o)
    0x080001d8   0x00000002   Code   RO         1755    .ARM.Collect$$libshutdown$$00000010  c_w.l(libshutdown2.o)
    0x080001da   0x00000000   Code   RO         1554    .ARM.Collect$$rtentry$$00000000  c_w.l(__rtentry.o)
    0x080001da   0x00000000   Code   RO         1578    .ARM.Collect$$rtentry$$00000002  c_w.l(__rtentry2.o)
    0x080001da   0x00000006   Code   RO         1590    .ARM.Collect$$rtentry$$00000004  c_w.l(__rtentry4.o)
    0x080001e0   0x00000000   Code   RO         1580    .ARM.Collect$$rtentry$$00000009  c_w.l(__rtentry2.o)
    0x080001e0   0x00000004   Code   RO         1581    .ARM.Collect$$rtentry$$0000000A  c_w.l(__rtentry2.o)
    0x080001e4   0x00000000   Code   RO         1583    .ARM.Collect$$rtentry$$0000000C  c_w.l(__rtentry2.o)
    0x080001e4   0x00000008   Code   RO         1584    .ARM.Collect$$rtentry$$0000000D  c_w.l(__rtentry2.o)
    0x080001ec   0x00000002   Code   RO         1701    .ARM.Collect$$rtexit$$00000000  c_w.l(rtexit.o)
    0x080001ee   0x00000000   Code   RO         1708    .ARM.Collect$$rtexit$$00000002  c_w.l(rtexit2.o)
    0x080001ee   0x00000004   Code   RO         1709    .ARM.Collect$$rtexit$$00000003  c_w.l(rtexit2.o)
    0x080001f2   0x00000006   Code   RO         1710    .ARM.Collect$$rtexit$$00000004  c_w.l(rtexit2.o)
    0x080001f8   0x00000040   Code   RO           20  * .text               startup_stm32f10x_md.o
    0x08000238   0x0000002c   Code   RO         1502    .text               c_w.l(__2sprintf.o)
    0x08000264   0x00000068   Code   RO         1506    .text               c_w.l(__printf.o)
    0x080002cc   0x00000052   Code   RO         1508    .text               c_w.l(_printf_str.o)
    0x0800031e   0x00000002   PAD
    0x08000320   0x00000078   Code   RO         1510    .text               c_w.l(_printf_dec.o)
    0x08000398   0x0000001a   Code   RO         1536    .text               c_w.l(atoi.o)
    0x080003b2   0x00000024   Code   RO         1538    .text               c_w.l(strstr.o)
    0x080003d6   0x0000004e   Code   RO         1540    .text               c_w.l(rt_memclr_w.o)
    0x08000424   0x00000006   Code   RO         1542    .text               c_w.l(heapauxi.o)
    0x0800042a   0x00000002   PAD
    0x0800042c   0x00000008   Code   RO         1558    .text               c_w.l(rt_errno_addr_intlibspace.o)
    0x08000434   0x000000b2   Code   RO         1560    .text               c_w.l(_printf_intcommon.o)
    0x080004e6   0x0000041a   Code   RO         1562    .text               c_w.l(_printf_fp_dec.o)
    0x08000900   0x00000030   Code   RO         1564    .text               c_w.l(_printf_char_common.o)
    0x08000930   0x0000000a   Code   RO         1566    .text               c_w.l(_sputc.o)
    0x0800093a   0x0000002c   Code   RO         1568    .text               c_w.l(_printf_char.o)
    0x08000966   0x00000070   Code   RO         1571    .text               c_w.l(strtol.o)
    0x080009d6   0x00000002   PAD
    0x080009d8   0x00000008   Code   RO         1574    .text               c_w.l(libspace.o)
    0x080009e0   0x00000010   Code   RO         1592    .text               c_w.l(rt_ctype_table.o)
    0x080009f0   0x00000008   Code   RO         1597    .text               c_w.l(rt_locale_intlibspace.o)
    0x080009f8   0x0000008a   Code   RO         1599    .text               c_w.l(lludiv10.o)
    0x08000a82   0x00000002   PAD
    0x08000a84   0x00000080   Code   RO         1601    .text               c_w.l(_printf_fp_infnan.o)
    0x08000b04   0x0000009e   Code   RO         1605    .text               c_w.l(_strtoul.o)
    0x08000ba2   0x00000002   PAD
    0x08000ba4   0x000000dc   Code   RO         1607    .text               c_w.l(bigflt0.o)
    0x08000c80   0x0000004a   Code   RO         1639    .text               c_w.l(sys_stackheap_outer.o)
    0x08000cca   0x0000001c   Code   RO         1641    .text               c_w.l(_chval.o)
    0x08000ce6   0x00000012   Code   RO         1646    .text               c_w.l(exit.o)
    0x08000cf8   0x00000080   Code   RO         1648    .text               c_w.l(strcmpv7m.o)
    0x08000d78   0x0000000c   Code   RO         1720    .text               c_w.l(sys_exit.o)
    0x08000d84   0x00000002   Code   RO         1731    .text               c_w.l(use_no_semi.o)
    0x08000d86   0x00000000   Code   RO         1733    .text               c_w.l(indicate_semi.o)
    0x08000d86   0x0000003e   Code   RO         1610    CL$$btod_d2e        c_w.l(btod.o)
    0x08000dc4   0x00000046   Code   RO         1612    CL$$btod_d2e_denorm_low  c_w.l(btod.o)
    0x08000e0a   0x00000060   Code   RO         1611    CL$$btod_d2e_norm_op1  c_w.l(btod.o)
    0x08000e6a   0x00000338   Code   RO         1620    CL$$btod_div_common  c_w.l(btod.o)
    0x080011a2   0x000000c6   Code   RO         1617    CL$$btod_e2e        c_w.l(btod.o)
    0x08001268   0x00000028   Code   RO         1614    CL$$btod_ediv       c_w.l(btod.o)
    0x08001290   0x00000028   Code   RO         1613    CL$$btod_emul       c_w.l(btod.o)
    0x080012b8   0x00000244   Code   RO         1619    CL$$btod_mult_common  c_w.l(btod.o)
    0x080014fc   0x00000004   Code   RO         1403    i.BusFault_Handler  stm32f10x_it.o
    0x08001500   0x00000002   Code   RO         1404    i.DebugMon_Handler  stm32f10x_it.o
    0x08001502   0x00000116   Code   RO          313    i.GPIO_Init         stm32f10x_gpio.o
    0x08001618   0x00000090   Code   RO          315    i.GPIO_PinRemapConfig  stm32f10x_gpio.o
    0x080016a8   0x00000012   Code   RO          317    i.GPIO_ReadInputDataBit  stm32f10x_gpio.o
    0x080016ba   0x00000004   Code   RO         1405    i.HardFault_Handler  stm32f10x_it.o
    0x080016be   0x00000002   PAD
    0x080016c0   0x0000006c   Code   RO         1068    i.IIC_Init          gpio_iic.o
    0x0800172c   0x00000014   Code   RO         1071    i.IIC_Sda_In        gpio_iic.o
    0x08001740   0x00000014   Code   RO         1072    i.IIC_Sda_Out       gpio_iic.o
    0x08001754   0x00000050   Code   RO         1073    i.IIC_Send_Byte     gpio_iic.o
    0x080017a4   0x00000038   Code   RO         1074    i.IIC_Start         gpio_iic.o
    0x080017dc   0x0000003c   Code   RO         1075    i.IIC_Stop          gpio_iic.o
    0x08001818   0x0000004c   Code   RO         1076    i.IIC_Wait_Ack      gpio_iic.o
    0x08001864   0x00000004   Code   RO         1406    i.MemManage_Handler  stm32f10x_it.o
    0x08001868   0x00000002   Code   RO         1407    i.NMI_Handler       stm32f10x_it.o
    0x0800186a   0x00000002   PAD
    0x0800186c   0x00000070   Code   RO          421    i.NVIC_Init         misc.o
    0x080018dc   0x00000014   Code   RO          422    i.NVIC_PriorityGroupConfig  misc.o
    0x080018f0   0x00000040   Code   RO         1164    i.OLED_Clear        oled.o
    0x08001930   0x000000e8   Code   RO         1167    i.OLED_Init         oled.o
    0x08001a18   0x0000002a   Code   RO         1169    i.OLED_Set_Pos      oled.o
    0x08001a42   0x00000002   PAD
    0x08001a44   0x000000a4   Code   RO         1172    i.OLED_ShowChar     oled.o
    0x08001ae8   0x00000068   Code   RO         1173    i.OLED_ShowHUm      oled.o
    0x08001b50   0x00000088   Code   RO         1174    i.OLED_ShowNum      oled.o
    0x08001bd8   0x00000068   Code   RO         1176    i.OLED_ShowTEmp     oled.o
    0x08001c40   0x00000058   Code   RO         1177    i.OLED_ShowTIttle   oled.o
    0x08001c98   0x00000058   Code   RO         1178    i.OLED_ShowTIttle1  oled.o
    0x08001cf0   0x00000018   Code   RO         1179    i.OLED_WR_Byte      oled.o
    0x08001d08   0x00000002   Code   RO         1408    i.PendSV_Handler    stm32f10x_it.o
    0x08001d0a   0x00000002   PAD
    0x08001d0c   0x00000020   Code   RO           26    i.RCC_APB1PeriphClockCmd  stm32f10x_rcc.o
    0x08001d2c   0x00000020   Code   RO           28    i.RCC_APB2PeriphClockCmd  stm32f10x_rcc.o
    0x08001d4c   0x000000d4   Code   RO           36    i.RCC_GetClocksFreq  stm32f10x_rcc.o
    0x08001e20   0x00000002   Code   RO         1409    i.SVC_Handler       stm32f10x_it.o
    0x08001e22   0x00000008   Code   RO         1466    i.SetSysClock       system_stm32f10x.o
    0x08001e2a   0x00000002   PAD
    0x08001e2c   0x000000e0   Code   RO         1467    i.SetSysClockTo72   system_stm32f10x.o
    0x08001f0c   0x00000028   Code   RO          425    i.SysTick_CLKSourceConfig  misc.o
    0x08001f34   0x00000002   Code   RO         1410    i.SysTick_Handler   stm32f10x_it.o
    0x08001f36   0x00000002   PAD
    0x08001f38   0x00000060   Code   RO         1469    i.SystemInit        system_stm32f10x.o
    0x08001f98   0x00000030   Code   RO          831    i.USART2_IRQHandler  usart2.o
    0x08001fc8   0x00000012   Code   RO          553    i.USART_ClearFlag   stm32f10x_usart.o
    0x08001fda   0x0000001e   Code   RO          554    i.USART_ClearITPendingBit  stm32f10x_usart.o
    0x08001ff8   0x00000018   Code   RO          557    i.USART_Cmd         stm32f10x_usart.o
    0x08002010   0x0000001a   Code   RO          560    i.USART_GetFlagStatus  stm32f10x_usart.o
    0x0800202a   0x00000054   Code   RO          561    i.USART_GetITStatus  stm32f10x_usart.o
    0x0800207e   0x0000004a   Code   RO          563    i.USART_ITConfig    stm32f10x_usart.o
    0x080020c8   0x000000d8   Code   RO          564    i.USART_Init        stm32f10x_usart.o
    0x080021a0   0x0000000a   Code   RO          571    i.USART_ReceiveData  stm32f10x_usart.o
    0x080021aa   0x00000008   Code   RO          574    i.USART_SendData    stm32f10x_usart.o
    0x080021b2   0x00000004   Code   RO         1411    i.UsageFault_Handler  stm32f10x_it.o
    0x080021b6   0x0000002c   Code   RO         1181    i.Write_IIC_Command  oled.o
    0x080021e2   0x0000002c   Code   RO         1182    i.Write_IIC_Data    oled.o
    0x0800220e   0x00000028   Code   RO         1637    i.__ARM_fpclassify  m_ws.l(fpclassify.o)
    0x08002236   0x00000002   PAD
    0x08002238   0x000000cc   Code   RO          942    i.base64_encode     base64.o
    0x08002304   0x00000034   Code   RO          769    i.buzzer_init       buzzer.o
    0x08002338   0x0000000c   Code   RO          770    i.buzzer_off        buzzer.o
    0x08002344   0x0000000c   Code   RO          771    i.buzzer_on         buzzer.o
    0x08002350   0x00000160   Code   RO          882    i.dataHandler       esp8266.o
    0x080024b0   0x00000034   Code   RO          796    i.delay_init        delay.o
    0x080024e4   0x00000038   Code   RO          797    i.delay_ms          delay.o
    0x0800251c   0x0000004c   Code   RO          798    i.delay_us          delay.o
    0x08002568   0x0000004c   Code   RO          799    i.delay_xms         delay.o
    0x080025b4   0x0000000c   Code   RO         1022    i.dht_init          dht.o
    0x080025c0   0x00000010   Code   RO         1023    i.dht_input_status  dht.o
    0x080025d0   0x00000020   Code   RO         1024    i.dht_output_status  dht.o
    0x080025f0   0x00000088   Code   RO          985    i.download_sensor_status  iot.o
    0x08002678   0x00000078   Code   RO          883    i.esp8266_connect   esp8266.o
    0x080026f0   0x0000001c   Code   RO          884    i.esp8266_disconnect  esp8266.o
    0x0800270c   0x00000008   Code   RO          885    i.esp8266_init      esp8266.o
    0x08002714   0x000000b8   Code   RO          886    i.esp8266_link_wifi  esp8266.o
    0x080027cc   0x00000068   Code   RO          887    i.esp8266_send      esp8266.o
    0x08002834   0x000000b6   Code   RO         1025    i.get_dht_value     dht.o
    0x080028ea   0x00000002   PAD
    0x080028ec   0x00000028   Code   RO         1139    i.key_init          key.o
    0x08002914   0x00000034   Code   RO         1140    i.key_stat          key.o
    0x08002948   0x00000044   Code   RO          733    i.led_init          led.o
    0x0800298c   0x00000030   Code   RO          734    i.led_off           led.o
    0x080029bc   0x00000030   Code   RO          735    i.led_on            led.o
    0x080029ec   0x0000005c   Code   RO         1361    i.main              main.o
    0x08002a48   0x00000014   Code   RO          944    i.mystrlen          base64.o
    0x08002a5c   0x00000016   Code   RO         1184    i.oled_pow          oled.o
    0x08002a72   0x00000002   PAD
    0x08002a74   0x0000004c   Code   RO         1185    i.picture_1         oled.o
    0x08002ac0   0x00000064   Code   RO         1362    i.recv_handler      main.o
    0x08002b24   0x0000001c   Code   RO         1026    i.set_gpio_input    dht.o
    0x08002b40   0x00000024   Code   RO         1027    i.set_gpio_output   dht.o
    0x08002b64   0x0000000c   Code   RO          888    i.set_wifi_recv_handler  esp8266.o
    0x08002b70   0x00000140   Code   RO          986    i.upload_device_datas  iot.o
    0x08002cb0   0x000000b8   Code   RO          833    i.usart_2_init      usart2.o
    0x08002d68   0x00000028   Code   RO          835    i.usart_2_send_byte  usart2.o
    0x08002d90   0x00000016   Code   RO          836    i.usart_2_send_data  usart2.o
    0x08002da6   0x00000002   PAD
    0x08002da8   0x000000dc   Code   RO         1363    i.wifi_led_buzzer   main.o
    0x08002e84   0x000000f4   Code   RO         1364    i.wifi_upload_dht_data  main.o
    0x08002f78   0x0000002c   Code   RO         1633    locale$$code        c_w.l(lc_numeric_c.o)
    0x08002fa4   0x0000002c   Code   RO         1644    locale$$code        c_w.l(lc_ctype_c.o)
    0x08002fd0   0x00000026   Code   RO         1546    x$fpl$dfltu         fz_ws.l(dflt_clz.o)
    0x08002ff6   0x00000004   Code   RO         1552    x$fpl$printf1       fz_ws.l(printf1.o)
    0x08002ffa   0x00000000   Code   RO         1573    x$fpl$usenofp       fz_ws.l(usenofp.o)
    0x08002ffa   0x00000818   Data   RO         1187    .constdata          oled.o
    0x08003812   0x00000002   PAD
    0x08003814   0x00000008   Data   RO         1365    .constdata          main.o
    0x0800381c   0x00000094   Data   RO         1608    .constdata          c_w.l(bigflt0.o)
    0x080038b0   0x00000041   Data   RO          947    .conststring        base64.o
    0x080038f1   0x00000003   PAD
    0x080038f4   0x00000162   Data   RO          989    .conststring        iot.o
    0x08003a56   0x00000002   PAD
    0x08003a58   0x00000080   Data   RO         1366    .conststring        main.o
    0x08003ad8   0x00000020   Data   RO         1780    Region$$Table       anon$$obj.o
    0x08003af8   0x0000001c   Data   RO         1632    locale$$data        c_w.l(lc_numeric_c.o)
    0x08003b14   0x00000110   Data   RO         1643    locale$$data        c_w.l(lc_ctype_c.o)


    Execution Region ER_RW (Base: 0x20000000, Size: 0x00000840, Max: 0xffffffff, ABSOLUTE, COMPRESSED[0x00000358])

    Base Addr    Size         Type   Attr      Idx    E Section Name        Object

    0x20000000   0x00000014   Data   RW           56    .data               stm32f10x_rcc.o
    0x20000014   0x00000004   Data   RW          800    .data               delay.o
    0x20000018   0x00000020   Data   RW          890    .data               esp8266.o
    0x20000038   0x00000004   Data   RW          948    .data               base64.o
    0x2000003c   0x00000004   Data   RW          990    .data               iot.o
    0x20000040   0x0000000c   Data   RW         1077    .data               gpio_iic.o
    0x2000004c   0x00000004   Data   RW         1141    .data               key.o
    0x20000050   0x000007f0   Data   RW         1188    .data               oled.o


    Execution Region ER_ZI (Base: 0x20000840, Size: 0x00000860, Max: 0xffffffff, ABSOLUTE)

    Base Addr    Size         Type   Attr      Idx    E Section Name        Object

    0x20000840   0x00000200   Zero   RW          889    .bss                esp8266.o
    0x20000a40   0x00000060   Zero   RW         1575    .bss                c_w.l(libspace.o)
    0x20000aa0   0x00000200   Zero   RW           18    HEAP                startup_stm32f10x_md.o
    0x20000ca0   0x00000400   Zero   RW           17    STACK               startup_stm32f10x_md.o


==============================================================================

Image component sizes


      Code (inc. data)   RO Data    RW Data    ZI Data      Debug   Object Name

       224          6         65          4          0       1461   base64.o
        76         16          0          0          0       1207   buzzer.o
         0          0          0          0          0       4540   core_cm3.o
       260         18          0          4          0       2107   delay.o
       306         18          0          0          0       2945   dht.o
       808        174          0         32        512       4190   esp8266.o
       420         80          0         12          0       3567   gpio_iic.o
       456         86        354          4          0       2051   iot.o
        92         14          0          4          0        894   key.o
       164         20          0          0          0       1298   led.o
       656        156        136          0          0       2463   main.o
       172         22          0          0          0       1841   misc.o
      1232         34       2072       2032          0       9241   oled.o
        64         26        236          0       1536        776   startup_stm32f10x_md.o
       440          6          0          0          0       3202   stm32f10x_gpio.o
        26          0          0          0          0       3578   stm32f10x_it.o
       276         32          0         20          0     230782   stm32f10x_rcc.o
       490          6          0          0          0       6825   stm32f10x_usart.o
       328         28          0          0          0       1797   system_stm32f10x.o
       294         20          0          0          0       2407   usart2.o

    ----------------------------------------------------------------------
      6802        762       2902       2112       2048     287172   Object Totals
         0          0         32          0          0          0   (incl. Generated)
        18          0          7          0          0          0   (incl. Padding)

    ----------------------------------------------------------------------

      Code (inc. data)   RO Data    RW Data    ZI Data      Debug   Library Member Name

        44          6          0          0          0         84   __2sprintf.o
        90          0          0          0          0          0   __dczerorl2.o
         8          0          0          0          0         68   __main.o
       104          0          0          0          0         84   __printf.o
         0          0          0          0          0          0   __rtentry.o
        12          0          0          0          0          0   __rtentry2.o
         6          0          0          0          0          0   __rtentry4.o
        52          8          0          0          0          0   __scatter.o
        28          0          0          0          0          0   __scatter_zi.o
        28          0          0          0          0         68   _chval.o
        44          0          0          0          0        108   _printf_char.o
        48          6          0          0          0         96   _printf_char_common.o
         6          0          0          0          0          0   _printf_d.o
       120         16          0          0          0         92   _printf_dec.o
         6          0          0          0          0          0   _printf_f.o
      1050          0          0          0          0        216   _printf_fp_dec.o
       128         16          0          0          0         84   _printf_fp_infnan.o
       178          0          0          0          0         88   _printf_intcommon.o
         0          0          0          0          0          0   _printf_percent.o
         4          0          0          0          0          0   _printf_percent_end.o
         6          0          0          0          0          0   _printf_s.o
        82          0          0          0          0         80   _printf_str.o
        10          0          0          0          0         68   _sputc.o
       158          0          0          0          0         92   _strtoul.o
        26          0          0          0          0         80   atoi.o
       220          4        148          0          0         96   bigflt0.o
      1910        128          0          0          0        672   btod.o
        18          0          0          0          0         80   exit.o
         6          0          0          0          0        152   heapauxi.o
         0          0          0          0          0          0   indicate_semi.o
        44         10        272          0          0         76   lc_ctype_c.o
        44         10         28          0          0         76   lc_numeric_c.o
         2          0          0          0          0          0   libinit.o
        30          0          0          0          0          0   libinit2.o
         2          0          0          0          0          0   libshutdown.o
         2          0          0          0          0          0   libshutdown2.o
         8          4          0          0         96         68   libspace.o
       138          0          0          0          0         80   lludiv10.o
        16          4          0          0          0         76   rt_ctype_table.o
         8          4          0          0          0         68   rt_errno_addr_intlibspace.o
         8          4          0          0          0         68   rt_locale_intlibspace.o
        78          0          0          0          0         80   rt_memclr_w.o
         2          0          0          0          0          0   rtexit.o
        10          0          0          0          0          0   rtexit2.o
       128          0          0          0          0         68   strcmpv7m.o
        36          0          0          0          0         80   strstr.o
       112          0          0          0          0         88   strtol.o
        12          4          0          0          0         68   sys_exit.o
        74          0          0          0          0         80   sys_stackheap_outer.o
         2          0          0          0          0         68   use_no_semi.o
        38          0          0          0          0         68   dflt_clz.o
         4          0          0          0          0         68   printf1.o
         0          0          0          0          0          0   usenofp.o
        40          0          0          0          0         68   fpclassify.o

    ----------------------------------------------------------------------
      5244        224        448          0         96       3556   Library Totals
        14          0          0          0          0          0   (incl. Padding)

    ----------------------------------------------------------------------

      Code (inc. data)   RO Data    RW Data    ZI Data      Debug   Library Name

      5148        224        448          0         96       3352   c_w.l
        42          0          0          0          0        136   fz_ws.l
        40          0          0          0          0         68   m_ws.l

    ----------------------------------------------------------------------
      5244        224        448          0         96       3556   Library Totals

    ----------------------------------------------------------------------

==============================================================================


      Code (inc. data)   RO Data    RW Data    ZI Data      Debug   

     12046        986       3350       2112       2144     284328   Grand Totals
     12046        986       3350        856       2144     284328   ELF Image Totals (compressed)
     12046        986       3350        856          0          0   ROM Totals

==============================================================================

    Total RO  Size (Code + RO Data)                15396 (  15.04kB)
    Total RW  Size (RW Data + ZI Data)              4256 (   4.16kB)
    Total ROM Size (Code + RO Data + RW Data)      16252 (  15.87kB)

==============================================================================

